Component: ARM Compiler 5.06 update 6 (build 750) Tool: armlink [4d35ed]

==============================================================================

Section Cross References

    startup_stm32f103xb.o(RESET) refers to startup_stm32f103xb.o(STACK) for __initial_sp
    startup_stm32f103xb.o(RESET) refers to startup_stm32f103xb.o(.text) for Reset_Handler
    startup_stm32f103xb.o(RESET) refers to stm32f1xx_it.o(i.NMI_Handler) for NMI_Handler
    startup_stm32f103xb.o(RESET) refers to stm32f1xx_it.o(i.HardFault_Handler) for HardFault_Handler
    startup_stm32f103xb.o(RESET) refers to stm32f1xx_it.o(i.MemManage_Handler) for MemManage_Handler
    startup_stm32f103xb.o(RESET) refers to stm32f1xx_it.o(i.BusFault_Handler) for BusFault_Handler
    startup_stm32f103xb.o(RESET) refers to stm32f1xx_it.o(i.UsageFault_Handler) for UsageFault_Handler
    startup_stm32f103xb.o(RESET) refers to stm32f1xx_it.o(i.SVC_Handler) for SVC_Handler
    startup_stm32f103xb.o(RESET) refers to stm32f1xx_it.o(i.DebugMon_Handler) for DebugMon_Handler
    startup_stm32f103xb.o(RESET) refers to stm32f1xx_it.o(i.PendSV_Handler) for PendSV_Handler
    startup_stm32f103xb.o(RESET) refers to stm32f1xx_it.o(i.SysTick_Handler) for SysTick_Handler
    startup_stm32f103xb.o(RESET) refers to stm32f1xx_it.o(i.USART2_IRQHandler) for USART2_IRQHandler
    startup_stm32f103xb.o(.text) refers to system_stm32f1xx.o(i.SystemInit) for SystemInit
    startup_stm32f103xb.o(.text) refers to entry.o(.ARM.Collect$$$$00000000) for __main
    rc522.o(i.TM_MFRC522_AntennaOff) refers to rc522.o(i.TM_MFRC522_ClearBitMask) for TM_MFRC522_ClearBitMask
    rc522.o(i.TM_MFRC522_AntennaOn) refers to rc522.o(i.TM_MFRC522_ReadRegister) for TM_MFRC522_ReadRegister
    rc522.o(i.TM_MFRC522_AntennaOn) refers to rc522.o(i.TM_MFRC522_SetBitMask) for TM_MFRC522_SetBitMask
    rc522.o(i.TM_MFRC522_Anticoll) refers to rc522.o(i.TM_MFRC522_WriteRegister) for TM_MFRC522_WriteRegister
    rc522.o(i.TM_MFRC522_Anticoll) refers to rc522.o(i.TM_MFRC522_ToCard) for TM_MFRC522_ToCard
    rc522.o(i.TM_MFRC522_Auth) refers to rc522.o(i.TM_MFRC522_ToCard) for TM_MFRC522_ToCard
    rc522.o(i.TM_MFRC522_Auth) refers to rc522.o(i.TM_MFRC522_ReadRegister) for TM_MFRC522_ReadRegister
    rc522.o(i.TM_MFRC522_CalculateCRC) refers to rc522.o(i.TM_MFRC522_ClearBitMask) for TM_MFRC522_ClearBitMask
    rc522.o(i.TM_MFRC522_CalculateCRC) refers to rc522.o(i.TM_MFRC522_SetBitMask) for TM_MFRC522_SetBitMask
    rc522.o(i.TM_MFRC522_CalculateCRC) refers to rc522.o(i.TM_MFRC522_WriteRegister) for TM_MFRC522_WriteRegister
    rc522.o(i.TM_MFRC522_CalculateCRC) refers to rc522.o(i.TM_MFRC522_ReadRegister) for TM_MFRC522_ReadRegister
    rc522.o(i.TM_MFRC522_Check) refers to rc522.o(i.TM_MFRC522_Request) for TM_MFRC522_Request
    rc522.o(i.TM_MFRC522_Check) refers to rc522.o(i.TM_MFRC522_Anticoll) for TM_MFRC522_Anticoll
    rc522.o(i.TM_MFRC522_Check) refers to rc522.o(i.TM_MFRC522_Halt) for TM_MFRC522_Halt
    rc522.o(i.TM_MFRC522_ClearBitMask) refers to rc522.o(i.TM_MFRC522_ReadRegister) for TM_MFRC522_ReadRegister
    rc522.o(i.TM_MFRC522_ClearBitMask) refers to rc522.o(i.TM_MFRC522_WriteRegister) for TM_MFRC522_WriteRegister
    rc522.o(i.TM_MFRC522_Halt) refers to rc522.o(i.TM_MFRC522_CalculateCRC) for TM_MFRC522_CalculateCRC
    rc522.o(i.TM_MFRC522_Halt) refers to rc522.o(i.TM_MFRC522_ToCard) for TM_MFRC522_ToCard
    rc522.o(i.TM_MFRC522_Init) refers to rc522.o(i.TM_MFRC522_Reset) for TM_MFRC522_Reset
    rc522.o(i.TM_MFRC522_Init) refers to rc522.o(i.TM_MFRC522_WriteRegister) for TM_MFRC522_WriteRegister
    rc522.o(i.TM_MFRC522_Init) refers to rc522.o(i.TM_MFRC522_AntennaOn) for TM_MFRC522_AntennaOn
    rc522.o(i.TM_MFRC522_Read) refers to rc522.o(i.TM_MFRC522_CalculateCRC) for TM_MFRC522_CalculateCRC
    rc522.o(i.TM_MFRC522_Read) refers to rc522.o(i.TM_MFRC522_ToCard) for TM_MFRC522_ToCard
    rc522.o(i.TM_MFRC522_ReadRegister) refers to stm32f1xx_hal_gpio.o(i.HAL_GPIO_WritePin) for HAL_GPIO_WritePin
    rc522.o(i.TM_MFRC522_ReadRegister) refers to rc522.o(i.TM_SPI_Send) for TM_SPI_Send
    rc522.o(i.TM_MFRC522_Request) refers to rc522.o(i.TM_MFRC522_WriteRegister) for TM_MFRC522_WriteRegister
    rc522.o(i.TM_MFRC522_Request) refers to rc522.o(i.TM_MFRC522_ToCard) for TM_MFRC522_ToCard
    rc522.o(i.TM_MFRC522_Reset) refers to rc522.o(i.TM_MFRC522_WriteRegister) for TM_MFRC522_WriteRegister
    rc522.o(i.TM_MFRC522_SelectTag) refers to rc522.o(i.TM_MFRC522_CalculateCRC) for TM_MFRC522_CalculateCRC
    rc522.o(i.TM_MFRC522_SelectTag) refers to rc522.o(i.TM_MFRC522_ToCard) for TM_MFRC522_ToCard
    rc522.o(i.TM_MFRC522_SetBitMask) refers to rc522.o(i.TM_MFRC522_ReadRegister) for TM_MFRC522_ReadRegister
    rc522.o(i.TM_MFRC522_SetBitMask) refers to rc522.o(i.TM_MFRC522_WriteRegister) for TM_MFRC522_WriteRegister
    rc522.o(i.TM_MFRC522_ToCard) refers to rc522.o(i.TM_MFRC522_WriteRegister) for TM_MFRC522_WriteRegister
[...]
    Removing stm32f1xx_hal_spi.o(i.SPI_2linesTxISR_8BIT), (48 bytes).
    Removing stm32f1xx_hal_spi.o(i.SPI_AbortRx_ISR), (88 bytes).
    Removing stm32f1xx_hal_spi.o(i.SPI_AbortTx_ISR), (28 bytes).
    Removing stm32f1xx_hal_spi.o(i.SPI_CloseRxTx_ISR), (164 bytes).
    Removing stm32f1xx_hal_spi.o(i.SPI_CloseRx_ISR), (76 bytes).
    Removing stm32f1xx_hal_spi.o(i.SPI_CloseTx_ISR), (136 bytes).
    Removing stm32f1xx_hal_spi.o(i.SPI_DMAAbortOnError), (16 bytes).
    Removing stm32f1xx_hal_spi.o(i.SPI_DMAError), (34 bytes).
    Removing stm32f1xx_hal_spi.o(i.SPI_DMAHalfReceiveCplt), (10 bytes).
    Removing stm32f1xx_hal_spi.o(i.SPI_DMAHalfTransmitCplt), (10 bytes).
    Removing stm32f1xx_hal_spi.o(i.SPI_DMAHalfTransmitReceiveCplt), (10 bytes).
    Removing stm32f1xx_hal_spi.o(i.SPI_DMAReceiveCplt), (110 bytes).
    Removing stm32f1xx_hal_spi.o(i.SPI_DMARxAbortCallback), (98 bytes).
    Removing stm32f1xx_hal_spi.o(i.SPI_DMATransmitCplt), (102 bytes).
    Removing stm32f1xx_hal_spi.o(i.SPI_DMATransmitReceiveCplt), (92 bytes).
    Removing stm32f1xx_hal_spi.o(i.SPI_DMATxAbortCallback), (120 bytes).
    Removing stm32f1xx_hal_spi.o(i.SPI_EndRxTransaction), (112 bytes).
    Removing stm32f1xx_hal_spi.o(i.SPI_RxISR_16BIT), (32 bytes).
    Removing stm32f1xx_hal_spi.o(i.SPI_RxISR_8BIT), (32 bytes).
    Removing stm32f1xx_hal_spi.o(i.SPI_TxISR_16BIT), (32 bytes).
    Removing stm32f1xx_hal_spi.o(i.SPI_TxISR_8BIT), (32 bytes).
    Removing stm32f1xx_hal_tim.o(.rev16_text), (4 bytes).
    Removing stm32f1xx_hal_tim.o(.revsh_text), (4 bytes).
    Removing stm32f1xx_hal_tim.o(.rrx_text), (6 bytes).
    Removing stm32f1xx_hal_tim_ex.o(.rev16_text), (4 bytes).
    Removing stm32f1xx_hal_tim_ex.o(.revsh_text), (4 bytes).
    Removing stm32f1xx_hal_tim_ex.o(.rrx_text), (6 bytes).
    Removing stm32f1xx_hal_uart.o(.rev16_text), (4 bytes).
    Removing stm32f1xx_hal_uart.o(.revsh_text), (4 bytes).
    Removing stm32f1xx_hal_uart.o(.rrx_text), (6 bytes).
    Removing stm32f1xx_hal_uart.o(i.HAL_HalfDuplex_EnableReceiver), (54 bytes).
    Removing stm32f1xx_hal_uart.o(i.HAL_HalfDuplex_EnableTransmitter), (54 bytes).
    Removing stm32f1xx_hal_uart.o(i.HAL_HalfDuplex_Init), (110 bytes).
    Removing stm32f1xx_hal_uart.o(i.HAL_LIN_Init), (130 bytes).
    Removing stm32f1xx_hal_uart.o(i.HAL_LIN_SendBreak), (50 bytes).
    Removing stm32f1xx_hal_uart.o(i.HAL_MultiProcessor_EnterMuteMode), (50 bytes).
    Removing stm32f1xx_hal_uart.o(i.HAL_MultiProcessor_ExitMuteMode), (50 bytes).
    Removing stm32f1xx_hal_uart.o(i.HAL_MultiProcessor_Init), (146 bytes).
    Removing stm32f1xx_hal_uart.o(i.HAL_UART_Abort), (148 bytes).
    Removing stm32f1xx_hal_uart.o(i.HAL_UART_AbortCpltCallback), (2 bytes).
    Removing stm32f1xx_hal_uart.o(i.HAL_UART_AbortReceive), (90 bytes).
    Removing stm32f1xx_hal_uart.o(i.HAL_UART_AbortReceiveCpltCallback), (2 bytes).
    Removing stm32f1xx_hal_uart.o(i.HAL_UART_AbortReceive_IT), (108 bytes).
    Removing stm32f1xx_hal_uart.o(i.HAL_UART_AbortTransmit), (80 bytes).
    Removing stm32f1xx_hal_uart.o(i.HAL_UART_AbortTransmitCpltCallback), (2 bytes).
    Removing stm32f1xx_hal_uart.o(i.HAL_UART_AbortTransmit_IT), (100 bytes).
    Removing stm32f1xx_hal_uart.o(i.HAL_UART_Abort_IT), (188 bytes).
    Removing stm32f1xx_hal_uart.o(i.HAL_UART_DMAPause), (102 bytes).
    Removing stm32f1xx_hal_uart.o(i.HAL_UART_DMAResume), (98 bytes).
    Removing stm32f1xx_hal_uart.o(i.HAL_UART_DMAStop), (88 bytes).
    Removing stm32f1xx_hal_uart.o(i.HAL_UART_DeInit), (52 bytes).
    Removing stm32f1xx_hal_uart.o(i.HAL_UART_GetError), (4 bytes).
    Removing stm32f1xx_hal_uart.o(i.HAL_UART_GetState), (12 bytes).
    Removing stm32f1xx_hal_uart.o(i.HAL_UART_MspDeInit), (2 bytes).
    Removing stm32f1xx_hal_uart.o(i.HAL_UART_MspInit), (2 bytes).
    Removing stm32f1xx_hal_uart.o(i.HAL_UART_Receive_DMA), (164 bytes).
    Removing stm32f1xx_hal_uart.o(i.HAL_UART_RxCpltCallback), (2 bytes).
    Removing stm32f1xx_hal_uart.o(i.HAL_UART_RxHalfCpltCallback), (2 bytes).
    Removing stm32f1xx_hal_uart.o(i.HAL_UART_Transmit_DMA), (152 bytes).
    Removing stm32f1xx_hal_uart.o(i.HAL_UART_Transmit_IT), (66 bytes).
    Removing stm32f1xx_hal_uart.o(i.HAL_UART_TxHalfCpltCallback), (2 bytes).
    Removing stm32f1xx_hal_uart.o(i.UART_DMAError), (74 bytes).
    Removing stm32f1xx_hal_uart.o(i.UART_DMAReceiveCplt), (62 bytes).
    Removing stm32f1xx_hal_uart.o(i.UART_DMARxAbortCallback), (44 bytes).
    Removing stm32f1xx_hal_uart.o(i.UART_DMARxHalfCplt), (10 bytes).
    Removing stm32f1xx_hal_uart.o(i.UART_DMARxOnlyAbortCallback), (20 bytes).
    Removing stm32f1xx_hal_uart.o(i.UART_DMATransmitCplt), (48 bytes).
    Removing stm32f1xx_hal_uart.o(i.UART_DMATxAbortCallback), (44 bytes).
    Removing stm32f1xx_hal_uart.o(i.UART_DMATxHalfCplt), (10 bytes).
    Removing stm32f1xx_hal_uart.o(i.UART_DMATxOnlyAbortCallback), (20 bytes).
    Removing stm32f1xx_hal_uart.o(i.UART_EndTxTransfer), (18 bytes).
    Removing system_stm32f1xx.o(.rev16_text), (4 bytes).
    Removing system_stm32f1xx.o(.revsh_text), (4 bytes).
    Removing system_stm32f1xx.o(.rrx_text), (6 bytes).
    Removing system_stm32f1xx.o(i.SystemCoreClockUpdate), (128 bytes).
    Removing dadd.o(.text), (334 bytes).
    Removing dmul.o(.text), (228 bytes).
    Removing ddiv.o(.text), (222 bytes).
    Removing dfixul.o(.text), (48 bytes).
    Removing cdrcmple.o(.text), (48 bytes).
    Removing depilogue.o(.text), (186 bytes).

395 unused section(s) (total 41437 bytes) removed from the image.

==============================================================================

Image Symbol Table

    Local Symbols

    Symbol Name                              Value     Ov Type        Size  Object(Section)

    ../Core/Src/main.c                       0x00000000   Number         0  main.o ABSOLUTE
    ../Core/Src/stm32f1xx_hal_msp.c          0x00000000   Number         0  stm32f1xx_hal_msp.o ABSOLUTE
    ../Core/Src/stm32f1xx_it.c               0x00000000   Number         0  stm32f1xx_it.o ABSOLUTE
    ../Core/Src/system_stm32f1xx.c           0x00000000   Number         0  system_stm32f1xx.o ABSOLUTE
    ../Drivers/STM32F1xx_HAL_Driver/Src/stm32f1xx_hal.c 0x00000000   Number         0  stm32f1xx_hal.o ABSOLUTE
    ../Drivers/STM32F1xx_HAL_Driver/Src/stm32f1xx_hal_cortex.c 0x00000000   Number         0  stm32f1xx_hal_cortex.o ABSOLUTE
    ../Drivers/STM32F1xx_HAL_Driver/Src/stm32f1xx_hal_dma.c 0x00000000   Number         0  stm32f1xx_hal_dma.o ABSOLUTE
    ../Drivers/STM32F1xx_HAL_Driver/Src/stm32f1xx_hal_exti.c 0x00000000   Number         0  stm32f1xx_hal_exti.o ABSOLUTE
    ../Drivers/STM32F1xx_HAL_Driver/Src/stm32f1xx_hal_flash.c 0x00000000   Number         0  stm32f1xx_hal_flash.o ABSOLUTE
    ../Drivers/STM32F1xx_HAL_Driver/Src/stm32f1xx_hal_flash_ex.c 0x00000000   Number         0  stm32f1xx_hal_flash_ex.o ABSOLUTE
    ../Drivers/STM32F1xx_HAL_Driver/Src/stm32f1xx_hal_gpio.c 0x00000000   Number         0  stm32f1xx_hal_gpio.o ABSOLUTE
    ../Drivers/STM32F1xx_HAL_Driver/Src/stm32f1xx_hal_gpio_ex.c 0x00000000   Number         0  stm32f1xx_hal_gpio_ex.o ABSOLUTE
    ../Drivers/STM32F1xx_HAL_Driver/Src/stm32f1xx_hal_i2c.c 0x00000000   Number         0  stm32f1xx_hal_i2c.o ABSOLUTE
    ../Drivers/STM32F1xx_HAL_Driver/Src/stm32f1xx_hal_pwr.c 0x00000000   Number         0  stm32f1xx_hal_pwr.o ABSOLUTE
    ../Drivers/STM32F1xx_HAL_Driver/Src/stm32f1xx_hal_rcc.c 0x00000000   Number         0  stm32f1xx_hal_rcc.o ABSOLUTE
    ../Drivers/STM32F1xx_HAL_Driver/Src/stm32f1xx_hal_rcc_ex.c 0x00000000   Number         0  stm32f1xx_hal_rcc_ex.o ABSOLUTE
    ../Drivers/STM32F1xx_HAL_Driver/Src/stm32f1xx_hal_spi.c 0x00000000   Number         0  stm32f1xx_hal_spi.o ABSOLUTE
    ../Drivers/STM32F1xx_HAL_Driver/Src/stm32f1xx_hal_tim.c 0x00000000   Number         0  stm32f1xx_hal_tim.o ABSOLUTE
    ../Drivers/STM32F1xx_HAL_Driver/Src/stm32f1xx_hal_tim_ex.c 0x00000000   Number         0  stm32f1xx_hal_tim_ex.o ABSOLUTE
    ../Drivers/STM32F1xx_HAL_Driver/Src/stm32f1xx_hal_uart.c 0x00000000   Number         0  stm32f1xx_hal_uart.o ABSOLUTE
    ../clib/microlib/division.c              0x00000000   Number         0  uidiv.o ABSOLUTE
    ../clib/microlib/division.c              0x00000000   Number         0  uldiv.o ABSOLUTE
    ../clib/microlib/init/entry.s            0x00000000   Number         0  entry8b.o ABSOLUTE
    ../clib/microlib/init/entry.s            0x00000000   Number         0  entry2.o ABSOLUTE
    ../clib/microlib/init/entry.s            0x00000000   Number         0  entry9a.o ABSOLUTE
    ../clib/microlib/init/entry.s            0x00000000   Number         0  entry7a.o ABSOLUTE
    ../clib/microlib/init/entry.s            0x00000000   Number         0  entry10a.o ABSOLUTE
    ../clib/microlib/init/entry.s            0x00000000   Number         0  entry.o ABSOLUTE
    ../clib/microlib/init/entry.s            0x00000000   Number         0  entry10b.o ABSOLUTE
    ../clib/microlib/init/entry.s            0x00000000   Number         0  entry5.o ABSOLUTE
    ../clib/microlib/init/entry.s            0x00000000   Number         0  entry7b.o ABSOLUTE
    ../clib/microlib/init/entry.s            0x00000000   Number         0  entry11a.o ABSOLUTE
    ../clib/microlib/init/entry.s            0x00000000   Number         0  entry11b.o ABSOLUTE
    ../clib/microlib/init/entry.s            0x00000000   Number         0  entry8a.o ABSOLUTE
    ../clib/microlib/init/entry.s            0x00000000   Number         0  entry9b.o ABSOLUTE
    ../clib/microlib/longlong.c              0x00000000   Number         0  llushr.o ABSOLUTE
    ../clib/microlib/longlong.c              0x00000000   Number         0  llshl.o ABSOLUTE
    ../clib/microlib/longlong.c              0x00000000   Number         0  llsshr.o ABSOLUTE
    ../clib/microlib/printf/printf.c         0x00000000   Number         0  printf2.o ABSOLUTE
    ../clib/microlib/printf/printf.c         0x00000000   Number         0  printf3.o ABSOLUTE
    ../clib/microlib/printf/printf.c         0x00000000   Number         0  printf4.o ABSOLUTE
    ../clib/microlib/printf/printf.c         0x00000000   Number         0  printf5.o ABSOLUTE
    ../clib/microlib/printf/printf.c         0x00000000   Number         0  printf6.o ABSOLUTE
    ../clib/microlib/printf/printf.c         0x00000000   Number         0  printf7.o ABSOLUTE
    ../clib/microlib/printf/printf.c         0x00000000   Number         0  printf8.o ABSOLUTE
    ../clib/microlib/printf/printf.c         0x00000000   Number         0  printfa.o ABSOLUTE
    ../clib/microlib/printf/printf.c         0x00000000   Number         0  printf0.o ABSOLUTE
    ../clib/microlib/printf/printf.c         0x00000000   Number         0  printfb.o ABSOLUTE
    ../clib/microlib/printf/printf.c         0x00000000   Number         0  printf1.o ABSOLUTE
    ../clib/microlib/printf/stubs.s          0x00000000   Number         0  stubs.o ABSOLUTE
    ../clib/microlib/stdio/streams.c         0x00000000   Number         0  stdout.o ABSOLUTE
    ../clib/microlib/string/memset.c         0x00000000   Number         0  memseta.o ABSOLUTE
    ../clib/microlib/string/strlen.c         0x00000000   Number         0  strlen.o ABSOLUTE
    ../clib/microlib/stubs.s                 0x00000000   Number         0  iusefp.o ABSOLUTE
    ../fplib/microlib/fpadd.c                0x00000000   Number         0  dadd.o ABSOLUTE
    ../fplib/microlib/fpdiv.c                0x00000000   Number         0  ddiv.o ABSOLUTE
    ../fplib/microlib/fpepilogue.c           0x00000000   Number         0  depilogue.o ABSOLUTE
    ../fplib/microlib/fpfix.c                0x00000000   Number         0  dfixul.o ABSOLUTE
    ../fplib/microlib/fpmul.c                0x00000000   Number         0  dmul.o ABSOLUTE
    ..\Core\Src\FLASH.c                      0x00000000   Number         0  flash.o ABSOLUTE
    ..\Core\Src\FONTS.c                      0x00000000   Number         0  fonts.o ABSOLUTE
    ..\Core\Src\SSD1306.c                    0x00000000   Number         0  ssd1306.o ABSOLUTE
    ..\Core\Src\main.c                       0x00000000   Number         0  main.o ABSOLUTE
    ..\Core\Src\rc522.c                      0x00000000   Number         0  rc522.o ABSOLUTE
    ..\Core\Src\stm32f1xx_hal_msp.c          0x00000000   Number         0  stm32f1xx_hal_msp.o ABSOLUTE
    ..\Core\Src\stm32f1xx_it.c               0x00000000   Number         0  stm32f1xx_it.o ABSOLUTE
    ..\Core\Src\system_stm32f1xx.c           0x00000000   Number         0  system_stm32f1xx.o ABSOLUTE
    ..\Drivers\STM32F1xx_HAL_Driver\Src\stm32f1xx_hal.c 0x00000000   Number         0  stm32f1xx_hal.o ABSOLUTE
    ..\Drivers\STM32F1xx_HAL_Driver\Src\stm32f1xx_hal_cortex.c 0x00000000   Number         0  stm32f1xx_hal_cortex.o ABSOLUTE
    ..\Drivers\STM32F1xx_HAL_Driver\Src\stm32f1xx_hal_dma.c 0x00000000   Number         0  stm32f1xx_hal_dma.o ABSOLUTE
    ..\Drivers\STM32F1xx_HAL_Driver\Src\stm32f1xx_hal_exti.c 0x00000000   Number         0  stm32f1xx_hal_exti.o ABSOLUTE
    ..\Drivers\STM32F1xx_HAL_Driver\Src\stm32f1xx_hal_flash.c 0x00000000   Number         0  stm32f1xx_hal_flash.o ABSOLUTE
    ..\Drivers\STM32F1xx_HAL_Driver\Src\stm32f1xx_hal_flash_ex.c 0x00000000   Number         0  stm32f1xx_hal_flash_ex.o ABSOLUTE
    ..\Drivers\STM32F1xx_HAL_Driver\Src\stm32f1xx_hal_gpio.c 0x00000000   Number         0  stm32f1xx_hal_gpio.o ABSOLUTE
    ..\Drivers\STM32F1xx_HAL_Driver\Src\stm32f1xx_hal_gpio_ex.c 0x00000000   Number         0  stm32f1xx_hal_gpio_ex.o ABSOLUTE
    ..\Drivers\STM32F1xx_HAL_Driver\Src\stm32f1xx_hal_i2c.c 0x00000000   Number         0  stm32f1xx_hal_i2c.o ABSOLUTE
    ..\Drivers\STM32F1xx_HAL_Driver\Src\stm32f1xx_hal_pwr.c 0x00000000   Number         0  stm32f1xx_hal_pwr.o ABSOLUTE
    ..\Drivers\STM32F1xx_HAL_Driver\Src\stm32f1xx_hal_rcc.c 0x00000000   Number         0  stm32f1xx_hal_rcc.o ABSOLUTE
    ..\Drivers\STM32F1xx_HAL_Driver\Src\stm32f1xx_hal_rcc_ex.c 0x00000000   Number         0  stm32f1xx_hal_rcc_ex.o ABSOLUTE
    ..\Drivers\STM32F1xx_HAL_Driver\Src\stm32f1xx_hal_spi.c 0x00000000   Number         0  stm32f1xx_hal_spi.o ABSOLUTE
    ..\Drivers\STM32F1xx_HAL_Driver\Src\stm32f1xx_hal_tim.c 0x00000000   Number         0  stm32f1xx_hal_tim.o ABSOLUTE
    ..\Drivers\STM32F1xx_HAL_Driver\Src\stm32f1xx_hal_tim_ex.c 0x00000000   Number         0  stm32f1xx_hal_tim_ex.o ABSOLUTE
    ..\Drivers\STM32F1xx_HAL_Driver\Src\stm32f1xx_hal_uart.c 0x00000000   Number         0  stm32f1xx_hal_uart.o ABSOLUTE
    ..\\Core\\Src\\FLASH.c                   0x00000000   Number         0  flash.o ABSOLUTE
    ..\\Core\\Src\\FONTS.c                   0x00000000   Number         0  fonts.o ABSOLUTE
    ..\\Core\\Src\\SSD1306.c                 0x00000000   Number         0  ssd1306.o ABSOLUTE
    ..\\Core\\Src\\rc522.c                   0x00000000   Number         0  rc522.o ABSOLUTE
    cdrcmple.s                               0x00000000   Number         0  cdrcmple.o ABSOLUTE
    dc.s                                     0x00000000   Number         0  dc.o ABSOLUTE
    handlers.s                               0x00000000   Number         0  handlers.o ABSOLUTE
    init.s                                   0x00000000   Number         0  init.o ABSOLUTE
    startup_stm32f103xb.s                    0x00000000   Number         0  startup_stm32f103xb.o ABSOLUTE
    RESET                                    0x08000000   Section      236  startup_stm32f103xb.o(RESET)
    .ARM.Collect$$$$00000000                 0x080000ec   Section        0  entry.o(.ARM.Collect$$$$00000000)
    .ARM.Collect$$$$00000001                 0x080000ec   Section        4  entry2.o(.ARM.Collect$$$$00000001)
    .ARM.Collect$$$$00000004                 0x080000f0   Section        4  entry5.o(.ARM.Collect$$$$00000004)
    .ARM.Collect$$$$00000008                 0x080000f4   Section        0  entry7b.o(.ARM.Collect$$$$00000008)
    .ARM.Collect$$$$0000000A                 0x080000f4   Section        0  entry8b.o(.ARM.Collect$$$$0000000A)
    .ARM.Collect$$$$0000000B                 0x080000f4   Section        8  entry9a.o(.ARM.Collect$$$$0000000B)
    .ARM.Collect$$$$0000000D                 0x080000fc   Section        0  entry10a.o(.ARM.Collect$$$$0000000D)
    .ARM.Collect$$$$0000000F                 0x080000fc   Section        0  entry11a.o(.ARM.Collect$$$$0000000F)
    .ARM.Collect$$$$00002712                 0x080000fc   Section        4  entry2.o(.ARM.Collect$$$$00002712)
    __lit__00000000                          0x080000fc   Data           4  entry2.o(.ARM.Collect$$$$00002712)
    .text                                    0x08000100   Section       36  startup_stm32f103xb.o(.text)
    .text                                    0x08000124   Section        0  llushr.o(.text)
    .text                                    0x08000144   Section        0  memseta.o(.text)
    .text                                    0x08000168   Section        0  uldiv.o(.text)
    .text                                    0x080001cc   Section       36  init.o(.text)
    .text                                    0x080001f0   Section        0  llshl.o(.text)
    i.BusFault_Handler                       0x0800020e   Section        0  stm32f1xx_it.o(i.BusFault_Handler)
    i.CheckFPRespsone                        0x08000210   Section        0  main.o(i.CheckFPRespsone)
    i.CheckFinger                            0x08000294   Section        0  main.o(i.CheckFinger)
    i.CheckRFID                              0x080002f8   Section        0  main.o(i.CheckRFID)
    i.CloseDoor                              0x08000354   Section        0  main.o(i.CloseDoor)
    i.DebugMon_Handler                       0x08000388   Section        0  stm32f1xx_it.o(i.DebugMon_Handler)
    i.Delay_us                               0x0800038a   Section        0  main.o(i.Delay_us)
    i.DeleteCard                             0x0800039c   Section        0  main.o(i.DeleteCard)
    i.DeleteOneFinger                        0x080003d4   Section        0  main.o(i.DeleteOneFinger)
    i.DisplayCardFound                       0x08000458   Section        0  main.o(i.DisplayCardFound)
    i.DisplayCardNotFound                    0x080004f4   Section        0  main.o(i.DisplayCardNotFound)
    i.DisplayCardSDeleteSuccess              0x08000528   Section        0  main.o(i.DisplayCardSDeleteSuccess)
    i.DisplayCardSaveSuccess                 0x08000560   Section        0  main.o(i.DisplayCardSaveSuccess)
    i.DisplayDeleteSuccess                   0x08000598   Section        0  main.o(i.DisplayDeleteSuccess)
    i.DisplayFingerFound                     0x080005cc   Section        0  main.o(i.DisplayFingerFound)
    i.DisplayFingerNotFound                  0x08000668   Section        0  main.o(i.DisplayFingerNotFound)
    i.DisplayFingerNotMatch                  0x0800068c   Section        0  main.o(i.DisplayFingerNotMatch)
    i.DisplayFingerRegis                     0x080006c4   Section        0  main.o(i.DisplayFingerRegis)
    i.DisplayFingerfailure                   0x080006f8   Section        0  main.o(i.DisplayFingerfailure)
    i.DisplayInputID                         0x0800072c   Section        0  main.o(i.DisplayInputID)
    i.DisplayInputNewCard                    0x08000760   Section        0  main.o(i.DisplayInputNewCard)
    i.DisplayMenu1                           0x08000790   Section        0  main.o(i.DisplayMenu1)
    i.DisplayPutFinger                       0x0800082c   Section        0  main.o(i.DisplayPutFinger)
    i.DisplayPutFingerAgain                  0x08000864   Section        0  main.o(i.DisplayPutFingerAgain)
    i.DisplayRegisFingerSuccess              0x08000898   Section        0  main.o(i.DisplayRegisFingerSuccess)
    i.DisplayRemoveFinger                    0x080008cc   Section        0  main.o(i.DisplayRemoveFinger)
    i.DisplayStart                           0x08000900   Section        0  main.o(i.DisplayStart)
    i.DisplayWelcome                         0x08000960   Section        0  main.o(i.DisplayWelcome)
    i.FLASH_MassErase                        0x080009c0   Section        0  stm32f1xx_hal_flash_ex.o(i.FLASH_MassErase)
    FLASH_MassErase                          0x080009c1   Thumb Code    26  stm32f1xx_hal_flash_ex.o(i.FLASH_MassErase)
    i.FLASH_PageErase                        0x080009e4   Section        0  stm32f1xx_hal_flash_ex.o(i.FLASH_PageErase)
    i.FLASH_Program_HalfWord                 0x08000a08   Section        0  stm32f1xx_hal_flash.o(i.FLASH_Program_HalfWord)
    FLASH_Program_HalfWord                   0x08000a09   Thumb Code    20  stm32f1xx_hal_flash.o(i.FLASH_Program_HalfWord)
    i.FLASH_SetErrorCode                     0x08000a24   Section        0  stm32f1xx_hal_flash.o(i.FLASH_SetErrorCode)
    FLASH_SetErrorCode                       0x08000a25   Thumb Code    90  stm32f1xx_hal_flash.o(i.FLASH_SetErrorCode)
    i.FLASH_WaitForLastOperation             0x08000a88   Section        0  stm32f1xx_hal_flash.o(i.FLASH_WaitForLastOperation)
    i.FlashErasePage                         0x08000af0   Section        0  flash.o(i.FlashErasePage)
    i.Flash_Read1Byte                        0x08000b16   Section        0  flash.o(i.Flash_Read1Byte)
    i.Flash_Write2Byte                       0x08000b1c   Section        0  flash.o(i.Flash_Write2Byte)
    i.GetNumberOfFinger                      0x08000b3c   Section        0  main.o(i.GetNumberOfFinger)
    i.HAL_DMA_Abort_IT                       0x08000b5c   Section        0  stm32f1xx_hal_dma.o(i.HAL_DMA_Abort_IT)
    i.HAL_Delay                              0x08000c00   Section        0  stm32f1xx_hal.o(i.HAL_Delay)
    i.HAL_FLASHEx_Erase                      0x08000c28   Section        0  stm32f1xx_hal_flash_ex.o(i.HAL_FLASHEx_Erase)
    i.HAL_FLASH_Lock                         0x08000cdc   Section        0  stm32f1xx_hal_flash.o(i.HAL_FLASH_Lock)
    i.HAL_FLASH_Program                      0x08000cf0   Section        0  stm32f1xx_hal_flash.o(i.HAL_FLASH_Program)
    i.HAL_FLASH_Unlock                       0x08000d84   Section        0  stm32f1xx_hal_flash.o(i.HAL_FLASH_Unlock)
    i.HAL_GPIO_Init                          0x08000db0   Section        0  stm32f1xx_hal_gpio.o(i.HAL_GPIO_Init)
    i.HAL_GPIO_ReadPin                       0x08000fac   Section        0  stm32f1xx_hal_gpio.o(i.HAL_GPIO_ReadPin)
    i.HAL_GPIO_WritePin                      0x08000fba   Section        0  stm32f1xx_hal_gpio.o(i.HAL_GPIO_WritePin)
    i.HAL_GetTick                            0x08000fc8   Section        0  stm32f1xx_hal.o(i.HAL_GetTick)
    i.HAL_I2C_Init                           0x08000fd4   Section        0  stm32f1xx_hal_i2c.o(i.HAL_I2C_Init)
    i.HAL_I2C_IsDeviceReady                  0x08001180   Section        0  stm32f1xx_hal_i2c.o(i.HAL_I2C_IsDeviceReady)
    i.HAL_I2C_Master_Transmit                0x08001308   Section        0  stm32f1xx_hal_i2c.o(i.HAL_I2C_Master_Transmit)
    i.HAL_I2C_MspInit                        0x08001468   Section        0  stm32f1xx_hal_msp.o(i.HAL_I2C_MspInit)
    i.HAL_IncTick                            0x080014c4   Section        0  stm32f1xx_hal.o(i.HAL_IncTick)
    i.HAL_Init                               0x080014d4   Section        0  stm32f1xx_hal.o(i.HAL_Init)
    i.HAL_InitTick                           0x080014f8   Section        0  stm32f1xx_hal.o(i.HAL_InitTick)
    i.HAL_MspInit                            0x0800153c   Section        0  stm32f1xx_hal_msp.o(i.HAL_MspInit)
    i.HAL_NVIC_EnableIRQ                     0x08001578   Section        0  stm32f1xx_hal_cortex.o(i.HAL_NVIC_EnableIRQ)
    i.HAL_NVIC_SetPriority                   0x08001594   Section        0  stm32f1xx_hal_cortex.o(i.HAL_NVIC_SetPriority)
    i.HAL_NVIC_SetPriorityGrouping           0x080015fc   Section        0  stm32f1xx_hal_cortex.o(i.HAL_NVIC_SetPriorityGrouping)
    i.HAL_RCC_ClockConfig                    0x08001620   Section        0  stm32f1xx_hal_rcc.o(i.HAL_RCC_ClockConfig)
    i.HAL_RCC_GetHCLKFreq                    0x080017a0   Section        0  stm32f1xx_hal_rcc.o(i.HAL_RCC_GetHCLKFreq)
    i.HAL_RCC_GetPCLK1Freq                   0x080017ac   Section        0  stm32f1xx_hal_rcc.o(i.HAL_RCC_GetPCLK1Freq)
    i.HAL_RCC_GetPCLK2Freq                   0x080017cc   Section        0  stm32f1xx_hal_rcc.o(i.HAL_RCC_GetPCLK2Freq)
    i.HAL_RCC_GetSysClockFreq                0x080017ec   Section        0  stm32f1xx_hal_rcc.o(i.HAL_RCC_GetSysClockFreq)
    i.HAL_RCC_OscConfig                      0x08001864   Section        0  stm32f1xx_hal_rcc.o(i.HAL_RCC_OscConfig)
    i.HAL_SPI_Init                           0x08001c90   Section        0  stm32f1xx_hal_spi.o(i.HAL_SPI_Init)
    i.HAL_SPI_MspInit                        0x08001d44   Section        0  stm32f1xx_hal_msp.o(i.HAL_SPI_MspInit)
    i.HAL_SPI_TransmitReceive                0x08001db4   Section        0  stm32f1xx_hal_spi.o(i.HAL_SPI_TransmitReceive)
    i.HAL_SYSTICK_Config                     0x08001fac   Section        0  stm32f1xx_hal_cortex.o(i.HAL_SYSTICK_Config)
    i.HAL_UART_ErrorCallback                 0x08001fd4   Section        0  stm32f1xx_hal_uart.o(i.HAL_UART_ErrorCallback)
    i.HAL_UART_IRQHandler                    0x08001fd8   Section        0  stm32f1xx_hal_uart.o(i.HAL_UART_IRQHandler)
    i.HAL_UART_Init                          0x0800211c   Section        0  stm32f1xx_hal_uart.o(i.HAL_UART_Init)
    i.HAL_UART_MspInit                       0x08002180   Section        0  stm32f1xx_hal_msp.o(i.HAL_UART_MspInit)
    i.HAL_UART_Receive                       0x08002290   Section        0  stm32f1xx_hal_uart.o(i.HAL_UART_Receive)
    i.HAL_UART_Receive_IT                    0x08002360   Section        0  stm32f1xx_hal_uart.o(i.HAL_UART_Receive_IT)
    i.HAL_UART_RxCpltCallback                0x080023b8   Section        0  main.o(i.HAL_UART_RxCpltCallback)
    i.HAL_UART_Transmit                      0x080023f8   Section        0  stm32f1xx_hal_uart.o(i.HAL_UART_Transmit)
    i.HAL_UART_TxCpltCallback                0x080024c2   Section        0  stm32f1xx_hal_uart.o(i.HAL_UART_TxCpltCallback)
    i.HardFault_Handler                      0x080024c4   Section        0  stm32f1xx_it.o(i.HardFault_Handler)
    i.I2C_IsAcknowledgeFailed                0x080024c6   Section        0  stm32f1xx_hal_i2c.o(i.I2C_IsAcknowledgeFailed)
    I2C_IsAcknowledgeFailed                  0x080024c7   Thumb Code    50  stm32f1xx_hal_i2c.o(i.I2C_IsAcknowledgeFailed)
    i.I2C_MasterRequestWrite                 0x080024f8   Section        0  stm32f1xx_hal_i2c.o(i.I2C_MasterRequestWrite)
    I2C_MasterRequestWrite                   0x080024f9   Thumb Code   172  stm32f1xx_hal_i2c.o(i.I2C_MasterRequestWrite)
    i.I2C_WaitOnBTFFlagUntilTimeout          0x080025ac   Section        0  stm32f1xx_hal_i2c.o(i.I2C_WaitOnBTFFlagUntilTimeout)
    I2C_WaitOnBTFFlagUntilTimeout            0x080025ad   Thumb Code    92  stm32f1xx_hal_i2c.o(i.I2C_WaitOnBTFFlagUntilTimeout)
    i.I2C_WaitOnFlagUntilTimeout             0x08002608   Section        0  stm32f1xx_hal_i2c.o(i.I2C_WaitOnFlagUntilTimeout)
    I2C_WaitOnFlagUntilTimeout               0x08002609   Thumb Code   180  stm32f1xx_hal_i2c.o(i.I2C_WaitOnFlagUntilTimeout)
    i.I2C_WaitOnMasterAddressFlagUntilTimeout 0x080026bc   Section        0  stm32f1xx_hal_i2c.o(i.I2C_WaitOnMasterAddressFlagUntilTimeout)
    I2C_WaitOnMasterAddressFlagUntilTimeout  0x080026bd   Thumb Code   206  stm32f1xx_hal_i2c.o(i.I2C_WaitOnMasterAddressFlagUntilTimeout)
    i.I2C_WaitOnTXEFlagUntilTimeout          0x0800278a   Section        0  stm32f1xx_hal_i2c.o(i.I2C_WaitOnTXEFlagUntilTimeout)
    I2C_WaitOnTXEFlagUntilTimeout            0x0800278b   Thumb Code    92  stm32f1xx_hal_i2c.o(i.I2C_WaitOnTXEFlagUntilTimeout)
    i.MX_GPIO_Init                           0x080027e8   Section        0  main.o(i.MX_GPIO_Init)
    MX_GPIO_Init                             0x080027e9   Thumb Code   226  main.o(i.MX_GPIO_Init)
    i.MX_SPI1_Init                           0x080028dc   Section        0  main.o(i.MX_SPI1_Init)
    MX_SPI1_Init                             0x080028dd   Thumb Code    44  main.o(i.MX_SPI1_Init)
    i.MemManage_Handler                      0x08002910   Section        0  stm32f1xx_it.o(i.MemManage_Handler)
    i.NMI_Handler                            0x08002912   Section        0  stm32f1xx_it.o(i.NMI_Handler)
    i.OpenDoor                               0x08002914   Section        0  main.o(i.OpenDoor)
    i.PendSV_Handler                         0x08002948   Section        0  stm32f1xx_it.o(i.PendSV_Handler)
    i.ProcessRegistryNewFinger               0x0800294c   Section        0  main.o(i.ProcessRegistryNewFinger)
    i.RCC_Delay                              0x080029a4   Section        0  stm32f1xx_hal_rcc.o(i.RCC_Delay)
    RCC_Delay                                0x080029a5   Thumb Code    32  stm32f1xx_hal_rcc.o(i.RCC_Delay)
    i.ReadDataFlash                          0x080029c8   Section        0  main.o(i.ReadDataFlash)
    i.RegistryNewFinger                      0x08002afc   Section        0  main.o(i.RegistryNewFinger)
    i.SPI_EndRxTxTransaction                 0x08002bba   Section        0  stm32f1xx_hal_spi.o(i.SPI_EndRxTxTransaction)
    SPI_EndRxTxTransaction                   0x08002bbb   Thumb Code    36  stm32f1xx_hal_spi.o(i.SPI_EndRxTxTransaction)
    i.SPI_WaitFlagStateUntilTimeout          0x08002be0   Section        0  stm32f1xx_hal_spi.o(i.SPI_WaitFlagStateUntilTimeout)
    SPI_WaitFlagStateUntilTimeout            0x08002be1   Thumb Code   210  stm32f1xx_hal_spi.o(i.SPI_WaitFlagStateUntilTimeout)
    i.SSD1306_Clear                          0x08002cb8   Section        0  ssd1306.o(i.SSD1306_Clear)
    i.SSD1306_DrawPixel                      0x08002cc8   Section        0  ssd1306.o(i.SSD1306_DrawPixel)
    i.SSD1306_Fill                           0x08002d08   Section        0  ssd1306.o(i.SSD1306_Fill)
    i.SSD1306_GotoXY                         0x08002d20   Section        0  ssd1306.o(i.SSD1306_GotoXY)
    i.SSD1306_Init                           0x08002d2c   Section        0  ssd1306.o(i.SSD1306_Init)
    i.SSD1306_Putc                           0x08002e94   Section        0  ssd1306.o(i.SSD1306_Putc)
    i.SSD1306_Puts                           0x08002f34   Section        0  ssd1306.o(i.SSD1306_Puts)
    i.SSD1306_UpdateScreen                   0x08002f5c   Section        0  ssd1306.o(i.SSD1306_UpdateScreen)
    i.SVC_Handler                            0x08002fa4   Section        0  stm32f1xx_it.o(i.SVC_Handler)
    i.SaveNewCard                            0x08002fa8   Section        0  main.o(i.SaveNewCard)
    i.ScanKey                                0x08002fec   Section        0  main.o(i.ScanKey)
    i.SendDeleteFinger                       0x0800320c   Section        0  main.o(i.SendDeleteFinger)
    i.SendESPData                            0x0800326c   Section        0  main.o(i.SendESPData)
    i.SendFGetNumberOfFinger                 0x0800328c   Section        0  main.o(i.SendFGetNumberOfFinger)
    i.SendFPCreateCharFile1                  0x080032a4   Section        0  main.o(i.SendFPCreateCharFile1)
    i.SendFPCreateCharFile2                  0x080032bc   Section        0  main.o(i.SendFPCreateCharFile2)
    i.SendFPCreateTemplate                   0x080032d4   Section        0  main.o(i.SendFPCreateTemplate)
    i.SendFPDSearchFinger                    0x080032ec   Section        0  main.o(i.SendFPDSearchFinger)
    i.SendFPGetImage                         0x08003304   Section        0  main.o(i.SendFPGetImage)
    i.SendFPHeader                           0x0800331c   Section        0  main.o(i.SendFPHeader)
    i.SendStoreFinger                        0x08003334   Section        0  main.o(i.SendStoreFinger)
    i.SysTick_Handler                        0x0800338c   Section        0  stm32f1xx_it.o(i.SysTick_Handler)
    i.SystemClock_Config                     0x08003390   Section        0  main.o(i.SystemClock_Config)
    i.SystemInit                             0x080033ce   Section        0  system_stm32f1xx.o(i.SystemInit)
    i.TM_MFRC522_AntennaOn                   0x080033d0   Section        0  rc522.o(i.TM_MFRC522_AntennaOn)
    i.TM_MFRC522_Anticoll                    0x080033ea   Section        0  rc522.o(i.TM_MFRC522_Anticoll)
    i.TM_MFRC522_CalculateCRC                0x0800342c   Section        0  rc522.o(i.TM_MFRC522_CalculateCRC)
    i.TM_MFRC522_Check                       0x0800348a   Section        0  rc522.o(i.TM_MFRC522_Check)
    i.TM_MFRC522_ClearBitMask                0x080034aa   Section        0  rc522.o(i.TM_MFRC522_ClearBitMask)
    i.TM_MFRC522_Halt                        0x080034c2   Section        0  rc522.o(i.TM_MFRC522_Halt)
    i.TM_MFRC522_Init                        0x080034ee   Section        0  rc522.o(i.TM_MFRC522_Init)
    i.TM_MFRC522_ReadRegister                0x08003534   Section        0  rc522.o(i.TM_MFRC522_ReadRegister)
    i.TM_MFRC522_Request                     0x0800356c   Section        0  rc522.o(i.TM_MFRC522_Request)
    i.TM_MFRC522_Reset                       0x0800359a   Section        0  rc522.o(i.TM_MFRC522_Reset)
    i.TM_MFRC522_SetBitMask                  0x080035a2   Section        0  rc522.o(i.TM_MFRC522_SetBitMask)
    i.TM_MFRC522_ToCard                      0x080035ba   Section        0  rc522.o(i.TM_MFRC522_ToCard)
    i.TM_MFRC522_WriteRegister               0x080036d0   Section        0  rc522.o(i.TM_MFRC522_WriteRegister)
    i.TM_SPI_Send                            0x08003704   Section        0  rc522.o(i.TM_SPI_Send)
    i.UART_DMAAbortOnError                   0x08003738   Section        0  stm32f1xx_hal_uart.o(i.UART_DMAAbortOnError)
    UART_DMAAbortOnError                     0x08003739   Thumb Code    16  stm32f1xx_hal_uart.o(i.UART_DMAAbortOnError)
    i.UART_EndRxTransfer                     0x08003748   Section        0  stm32f1xx_hal_uart.o(i.UART_EndRxTransfer)
    UART_EndRxTransfer                       0x08003749   Thumb Code    28  stm32f1xx_hal_uart.o(i.UART_EndRxTransfer)
    i.UART_EndTransmit_IT                    0x08003764   Section        0  stm32f1xx_hal_uart.o(i.UART_EndTransmit_IT)
    UART_EndTransmit_IT                      0x08003765   Thumb Code    26  stm32f1xx_hal_uart.o(i.UART_EndTransmit_IT)
    i.UART_Receive_IT                        0x0800377e   Section        0  stm32f1xx_hal_uart.o(i.UART_Receive_IT)
    UART_Receive_IT                          0x0800377f   Thumb Code   146  stm32f1xx_hal_uart.o(i.UART_Receive_IT)
    i.UART_SetConfig                         0x08003810   Section        0  stm32f1xx_hal_uart.o(i.UART_SetConfig)
    UART_SetConfig                           0x08003811   Thumb Code   194  stm32f1xx_hal_uart.o(i.UART_SetConfig)
    i.UART_Transmit_IT                       0x080038d8   Section        0  stm32f1xx_hal_uart.o(i.UART_Transmit_IT)
    UART_Transmit_IT                         0x080038d9   Thumb Code    94  stm32f1xx_hal_uart.o(i.UART_Transmit_IT)
    i.UART_WaitOnFlagUntilTimeout            0x08003936   Section        0  stm32f1xx_hal_uart.o(i.UART_WaitOnFlagUntilTimeout)
    UART_WaitOnFlagUntilTimeout              0x08003937   Thumb Code   120  stm32f1xx_hal_uart.o(i.UART_WaitOnFlagUntilTimeout)
    i.USART2_IRQHandler                      0x080039b0   Section        0  stm32f1xx_it.o(i.USART2_IRQHandler)
    i.UsageFault_Handler                     0x080039bc   Section        0  stm32f1xx_it.o(i.UsageFault_Handler)
    i.WriteDataFlash                         0x080039c0   Section        0  main.o(i.WriteDataFlash)
    i.__0printf$8                            0x08003a88   Section        0  printf8.o(i.__0printf$8)
    i.__scatterload_copy                     0x08003aa8   Section       14  handlers.o(i.__scatterload_copy)
    i.__scatterload_null                     0x08003ab6   Section        2  handlers.o(i.__scatterload_null)
    i.__scatterload_zeroinit                 0x08003ab8   Section       14  handlers.o(i.__scatterload_zeroinit)
    i._printf_core                           0x08003ac8   Section        0  printf8.o(i._printf_core)
    _printf_core                             0x08003ac9   Thumb Code   996  printf8.o(i._printf_core)
    i._printf_post_padding                   0x08003ed8   Section        0  printf8.o(i._printf_post_padding)
    _printf_post_padding                     0x08003ed9   Thumb Code    36  printf8.o(i._printf_post_padding)
    i._printf_pre_padding                    0x08003efc   Section        0  printf8.o(i._printf_pre_padding)
    _printf_pre_padding                      0x08003efd   Thumb Code    46  printf8.o(i._printf_pre_padding)
    i.fputc                                  0x08003f2c   Section        0  main.o(i.fputc)
    i.main                                   0x08003f44   Section        0  main.o(i.main)
    i.ssd1306_I2C_Init                       0x080042e8   Section        0  ssd1306.o(i.ssd1306_I2C_Init)
    i.ssd1306_I2C_Write                      0x080042f4   Section        0  ssd1306.o(i.ssd1306_I2C_Write)
    i.ssd1306_I2C_WriteMulti                 0x08004314   Section        0  ssd1306.o(i.ssd1306_I2C_WriteMulti)
    .constdata                               0x0800434c   Section     1900  fonts.o(.constdata)
    .constdata                               0x08004ab8   Section        4  main.o(.constdata)
    .constdata                               0x08004abc   Section       16  system_stm32f1xx.o(.constdata)
    .constdata                               0x08004acc   Section        8  system_stm32f1xx.o(.constdata)
    .data                                    0x20000000   Section        6  ssd1306.o(.data)
    SSD1306                                  0x20000000   Data           6  ssd1306.o(.data)
    .data                                    0x20000008   Section        8  fonts.o(.data)
    .data                                    0x20000010   Section       76  main.o(.data)
    .data                                    0x2000005c   Section       12  stm32f1xx_hal.o(.data)
    .data                                    0x20000068   Section        4  system_stm32f1xx.o(.data)
    .data                                    0x2000006c   Section        4  stdout.o(.data)
    .bss                                     0x20000070   Section     1024  ssd1306.o(.bss)
    SSD1306_Buffer                           0x20000070   Data        1024  ssd1306.o(.bss)
    .bss                                     0x20000470   Section      576  main.o(.bss)
    .bss                                     0x200006b0   Section       32  stm32f1xx_hal_flash.o(.bss)
    STACK                                    0x200006d0   Section     1024  startup_stm32f103xb.o(STACK)

    Global Symbols

    Symbol Name                              Value     Ov Type        Size  Object(Section)

    BuildAttributes$$THM_ISAv4$P$D$K$B$S$PE$A:L22UL41UL21$X:L11$S22US41US21$IEEE1$IW$USESV6$~STKCKD$USESV7$~SHL$OTIME$ROPI$EBA8$MICROLIB$REQ8$PRES8$EABIv2 0x00000000   Number         0  anon$$obj.o ABSOLUTE
    __ARM_use_no_argv                        0x00000000   Number         0  main.o ABSOLUTE
    _printf_a                                0x00000000   Number         0  stubs.o ABSOLUTE
    _printf_c                                0x00000000   Number         0  stubs.o ABSOLUTE
    _printf_charcount                        0x00000000   Number         0  stubs.o ABSOLUTE
    _printf_d                                0x00000000   Number         0  stubs.o ABSOLUTE
    _printf_e                                0x00000000   Number         0  stubs.o ABSOLUTE
    _printf_f                                0x00000000   Number         0  stubs.o ABSOLUTE
    _printf_flags                            0x00000000   Number         0  stubs.o ABSOLUTE
    _printf_fp_dec                           0x00000000   Number         0  stubs.o ABSOLUTE
    _printf_fp_hex                           0x00000000   Number         0  stubs.o ABSOLUTE
    _printf_g                                0x00000000   Number         0  stubs.o ABSOLUTE
    _printf_i                                0x00000000   Number         0  stubs.o ABSOLUTE
    _printf_int_dec                          0x00000000   Number         0  stubs.o ABSOLUTE
    _printf_l                                0x00000000   Number         0  stubs.o ABSOLUTE
    _printf_lc                               0x00000000   Number         0  stubs.o ABSOLUTE
    _printf_ll                               0x00000000   Number         0  stubs.o ABSOLUTE
    _printf_lld                              0x00000000   Number         0  stubs.o ABSOLUTE
    _printf_lli                              0x00000000   Number         0  stubs.o ABSOLUTE
    _printf_llo                              0x00000000   Number         0  stubs.o ABSOLUTE
    _printf_llu                              0x00000000   Number         0  stubs.o ABSOLUTE
    _printf_llx                              0x00000000   Number         0  stubs.o ABSOLUTE
    _printf_longlong_dec                     0x00000000   Number         0  stubs.o ABSOLUTE
    _printf_longlong_hex                     0x00000000   Number         0  stubs.o ABSOLUTE
    _printf_longlong_oct                     0x00000000   Number         0  stubs.o ABSOLUTE
    _printf_ls                               0x00000000   Number         0  stubs.o ABSOLUTE
    _printf_mbtowc                           0x00000000   Number         0  stubs.o ABSOLUTE
    _printf_n                                0x00000000   Number         0  stubs.o ABSOLUTE
    _printf_o                                0x00000000   Number         0  stubs.o ABSOLUTE
    _printf_p                                0x00000000   Number         0  stubs.o ABSOLUTE
    _printf_percent                          0x00000000   Number         0  stubs.o ABSOLUTE
    _printf_pre_padding                      0x00000000   Number         0  stubs.o ABSOLUTE
    _printf_return_value                     0x00000000   Number         0  stubs.o ABSOLUTE
    _printf_s                                0x00000000   Number         0  stubs.o ABSOLUTE
    _printf_sizespec                         0x00000000   Number         0  stubs.o ABSOLUTE
    _printf_str                              0x00000000   Number         0  stubs.o ABSOLUTE
    _printf_truncate_signed                  0x00000000   Number         0  stubs.o ABSOLUTE
    _printf_truncate_unsigned                0x00000000   Number         0  stubs.o ABSOLUTE
    _printf_u                                0x00000000   Number         0  stubs.o ABSOLUTE
    _printf_wc                               0x00000000   Number         0  stubs.o ABSOLUTE
    _printf_wctomb                           0x00000000   Number         0  stubs.o ABSOLUTE
    _printf_widthprec                        0x00000000   Number         0  stubs.o ABSOLUTE
    _printf_x                                0x00000000   Number         0  stubs.o ABSOLUTE
    __cpp_initialize__aeabi_                  - Undefined Weak Reference
    __cxa_finalize                            - Undefined Weak Reference
    __decompress                              - Undefined Weak Reference
    _clock_init                               - Undefined Weak Reference
    _microlib_exit                            - Undefined Weak Reference
    __Vectors_Size                           0x000000ec   Number         0  startup_stm32f103xb.o ABSOLUTE
    __Vectors                                0x08000000   Data           4  startup_stm32f103xb.o(RESET)
    __Vectors_End                            0x080000ec   Data           0  startup_stm32f103xb.o(RESET)
    __main                                   0x080000ed   Thumb Code     0  entry.o(.ARM.Collect$$$$00000000)
    _main_stk                                0x080000ed   Thumb Code     0  entry2.o(.ARM.Collect$$$$00000001)
    _main_scatterload                        0x080000f1   Thumb Code     0  entry5.o(.ARM.Collect$$$$00000004)
    __main_after_scatterload                 0x080000f5   Thumb Code     0  entry5.o(.ARM.Collect$$$$00000004)
    _main_clock                              0x080000f5   Thumb Code     0  entry7b.o(.ARM.Collect$$$$00000008)
    _main_cpp_init                           0x080000f5   Thumb Code     0  entry8b.o(.ARM.Collect$$$$0000000A)
    _main_init                               0x080000f5   Thumb Code     0  entry9a.o(.ARM.Collect$$$$0000000B)
    __rt_final_cpp                           0x080000fd   Thumb Code     0  entry10a.o(.ARM.Collect$$$$0000000D)
    __rt_final_exit                          0x080000fd   Thumb Code     0  entry11a.o(.ARM.Collect$$$$0000000F)
    Reset_Handler                            0x08000101   Thumb Code     8  startup_stm32f103xb.o(.text)
    ADC1_2_IRQHandler                        0x0800011b   Thumb Code     0  startup_stm32f103xb.o(.text)
    CAN1_RX1_IRQHandler                      0x0800011b   Thumb Code     0  startup_stm32f103xb.o(.text)
    CAN1_SCE_IRQHandler                      0x0800011b   Thumb Code     0  startup_stm32f103xb.o(.text)
    DMA1_Channel1_IRQHandler                 0x0800011b   Thumb Code     0  startup_stm32f103xb.o(.text)
    DMA1_Channel2_IRQHandler                 0x0800011b   Thumb Code     0  startup_stm32f103xb.o(.text)
    DMA1_Channel3_IRQHandler                 0x0800011b   Thumb Code     0  startup_stm32f103xb.o(.text)
    DMA1_Channel4_IRQHandler                 0x0800011b   Thumb Code     0  startup_stm32f103xb.o(.text)
    DMA1_Channel5_IRQHandler                 0x0800011b   Thumb Code     0  startup_stm32f103xb.o(.text)
    DMA1_Channel6_IRQHandler                 0x0800011b   Thumb Code     0  startup_stm32f103xb.o(.text)
    DMA1_Channel7_IRQHandler                 0x0800011b   Thumb Code     0  startup_stm32f103xb.o(.text)
    EXTI0_IRQHandler                         0x0800011b   Thumb Code     0  startup_stm32f103xb.o(.text)
    EXTI15_10_IRQHandler                     0x0800011b   Thumb Code     0  startup_stm32f103xb.o(.text)
    EXTI1_IRQHandler                         0x0800011b   Thumb Code     0  startup_stm32f103xb.o(.text)
    EXTI2_IRQHandler                         0x0800011b   Thumb Code     0  startup_stm32f103xb.o(.text)
    EXTI3_IRQHandler                         0x0800011b   Thumb Code     0  startup_stm32f103xb.o(.text)
    EXTI4_IRQHandler                         0x0800011b   Thumb Code     0  startup_stm32f103xb.o(.text)
    EXTI9_5_IRQHandler                       0x0800011b   Thumb Code     0  startup_stm32f103xb.o(.text)
    FLASH_IRQHandler                         0x0800011b   Thumb Code     0  startup_stm32f103xb.o(.text)
    I2C1_ER_IRQHandler                       0x0800011b   Thumb Code     0  startup_stm32f103xb.o(.text)
    I2C1_EV_IRQHandler                       0x0800011b   Thumb Code     0  startup_stm32f103xb.o(.text)
    I2C2_ER_IRQHandler                       0x0800011b   Thumb Code     0  startup_stm32f103xb.o(.text)
    I2C2_EV_IRQHandler                       0x0800011b   Thumb Code     0  startup_stm32f103xb.o(.text)
    PVD_IRQHandler                           0x0800011b   Thumb Code     0  startup_stm32f103xb.o(.text)
    RCC_IRQHandler                           0x0800011b   Thumb Code     0  startup_stm32f103xb.o(.text)
    RTC_Alarm_IRQHandler                     0x0800011b   Thumb Code     0  startup_stm32f103xb.o(.text)
    RTC_IRQHandler                           0x0800011b   Thumb Code     0  startup_stm32f103xb.o(.text)
    SPI1_IRQHandler                          0x0800011b   Thumb Code     0  startup_stm32f103xb.o(.text)
    SPI2_IRQHandler                          0x0800011b   Thumb Code     0  startup_stm32f103xb.o(.text)
    TAMPER_IRQHandler                        0x0800011b   Thumb Code     0  startup_stm32f103xb.o(.text)
    TIM1_BRK_IRQHandler                      0x0800011b   Thumb Code     0  startup_stm32f103xb.o(.text)
    TIM1_CC_IRQHandler                       0x0800011b   Thumb Code     0  startup_stm32f103xb.o(.text)
    TIM1_TRG_COM_IRQHandler                  0x0800011b   Thumb Code     0  startup_stm32f103xb.o(.text)
    TIM1_UP_IRQHandler                       0x0800011b   Thumb Code     0  startup_stm32f103xb.o(.text)
    TIM2_IRQHandler                          0x0800011b   Thumb Code     0  startup_stm32f103xb.o(.text)
    TIM3_IRQHandler                          0x0800011b   Thumb Code     0  startup_stm32f103xb.o(.text)
    TIM4_IRQHandler                          0x0800011b   Thumb Code     0  startup_stm32f103xb.o(.text)
    USART1_IRQHandler                        0x0800011b   Thumb Code     0  startup_stm32f103xb.o(.text)
    USART3_IRQHandler                        0x0800011b   Thumb Code     0  startup_stm32f103xb.o(.text)
    USBWakeUp_IRQHandler                     0x0800011b   Thumb Code     0  startup_stm32f103xb.o(.text)
    USB_HP_CAN1_TX_IRQHandler                0x0800011b   Thumb Code     0  startup_stm32f103xb.o(.text)
    USB_LP_CAN1_RX0_IRQHandler               0x0800011b   Thumb Code     0  startup_stm32f103xb.o(.text)
    WWDG_IRQHandler                          0x0800011b   Thumb Code     0  startup_stm32f103xb.o(.text)
    __aeabi_llsr                             0x08000125   Thumb Code    32  llushr.o(.text)
    _ll_ushift_r                             0x08000125   Thumb Code     0  llushr.o(.text)
    __aeabi_memset                           0x08000145   Thumb Code    14  memseta.o(.text)
    __aeabi_memset4                          0x08000145   Thumb Code     0  memseta.o(.text)
    __aeabi_memset8                          0x08000145   Thumb Code     0  memseta.o(.text)
    __aeabi_memclr                           0x08000153   Thumb Code     4  memseta.o(.text)
    __aeabi_memclr4                          0x08000153   Thumb Code     0  memseta.o(.text)
    __aeabi_memclr8                          0x08000153   Thumb Code     0  memseta.o(.text)
    _memset$wrapper                          0x08000157   Thumb Code    18  memseta.o(.text)
    __aeabi_uldivmod                         0x08000169   Thumb Code    98  uldiv.o(.text)
    __scatterload                            0x080001cd   Thumb Code    28  init.o(.text)
    __scatterload_rt2                        0x080001cd   Thumb Code     0  init.o(.text)
    __aeabi_llsl                             0x080001f1   Thumb Code    30  llshl.o(.text)
    _ll_shift_l                              0x080001f1   Thumb Code     0  llshl.o(.text)
    BusFault_Handler                         0x0800020f   Thumb Code     2  stm32f1xx_it.o(i.BusFault_Handler)
    CheckFPRespsone                          0x08000211   Thumb Code   118  main.o(i.CheckFPRespsone)
    CheckFinger                              0x08000295   Thumb Code    98  main.o(i.CheckFinger)
    CheckRFID                                0x080002f9   Thumb Code    82  main.o(i.CheckRFID)
    CloseDoor                                0x08000355   Thumb Code    42  main.o(i.CloseDoor)
    DebugMon_Handler                         0x08000389   Thumb Code     2  stm32f1xx_it.o(i.DebugMon_Handler)
    Delay_us                                 0x0800038b   Thumb Code    18  main.o(i.Delay_us)
    DeleteCard                               0x0800039d   Thumb Code    46  main.o(i.DeleteCard)
    DeleteOneFinger                          0x080003d5   Thumb Code    60  main.o(i.DeleteOneFinger)
    DisplayCardFound                         0x08000459   Thumb Code   130  main.o(i.DisplayCardFound)
    DisplayCardNotFound                      0x080004f5   Thumb Code    28  main.o(i.DisplayCardNotFound)
    DisplayCardSDeleteSuccess                0x08000529   Thumb Code    36  main.o(i.DisplayCardSDeleteSuccess)
    DisplayCardSaveSuccess                   0x08000561   Thumb Code    36  main.o(i.DisplayCardSaveSuccess)
    DisplayDeleteSuccess                     0x08000599   Thumb Code    28  main.o(i.DisplayDeleteSuccess)
    DisplayFingerFound                       0x080005cd   Thumb Code   128  main.o(i.DisplayFingerFound)
    DisplayFingerNotFound                    0x08000669   Thumb Code    28  main.o(i.DisplayFingerNotFound)
    DisplayFingerNotMatch                    0x0800068d   Thumb Code    28  main.o(i.DisplayFingerNotMatch)
    DisplayFingerRegis                       0x080006c5   Thumb Code    28  main.o(i.DisplayFingerRegis)
    DisplayFingerfailure                     0x080006f9   Thumb Code    28  main.o(i.DisplayFingerfailure)
    DisplayInputID                           0x0800072d   Thumb Code    32  main.o(i.DisplayInputID)
    DisplayInputNewCard                      0x08000761   Thumb Code    28  main.o(i.DisplayInputNewCard)
    DisplayMenu1                             0x08000791   Thumb Code    86  main.o(i.DisplayMenu1)
    DisplayPutFinger                         0x0800082d   Thumb Code    32  main.o(i.DisplayPutFinger)
    DisplayPutFingerAgain                    0x08000865   Thumb Code    28  main.o(i.DisplayPutFingerAgain)
    DisplayRegisFingerSuccess                0x08000899   Thumb Code    28  main.o(i.DisplayRegisFingerSuccess)
    DisplayRemoveFinger                      0x080008cd   Thumb Code    28  main.o(i.DisplayRemoveFinger)
    DisplayStart                             0x08000901   Thumb Code    50  main.o(i.DisplayStart)
    DisplayWelcome                           0x08000961   Thumb Code    50  main.o(i.DisplayWelcome)
    FLASH_PageErase                          0x080009e5   Thumb Code    28  stm32f1xx_hal_flash_ex.o(i.FLASH_PageErase)
    FLASH_WaitForLastOperation               0x08000a89   Thumb Code    98  stm32f1xx_hal_flash.o(i.FLASH_WaitForLastOperation)
    FlashErasePage                           0x08000af1   Thumb Code    38  flash.o(i.FlashErasePage)
    Flash_Read1Byte                          0x08000b17   Thumb Code     6  flash.o(i.Flash_Read1Byte)
    Flash_Write2Byte                         0x08000b1d   Thumb Code    30  flash.o(i.Flash_Write2Byte)
    GetNumberOfFinger                        0x08000b3d   Thumb Code    28  main.o(i.GetNumberOfFinger)
    HAL_DMA_Abort_IT                         0x08000b5d   Thumb Code   136  stm32f1xx_hal_dma.o(i.HAL_DMA_Abort_IT)
    HAL_Delay                                0x08000c01   Thumb Code    34  stm32f1xx_hal.o(i.HAL_Delay)
    HAL_FLASHEx_Erase                        0x08000c29   Thumb Code   172  stm32f1xx_hal_flash_ex.o(i.HAL_FLASHEx_Erase)
    HAL_FLASH_Lock                           0x08000cdd   Thumb Code    14  stm32f1xx_hal_flash.o(i.HAL_FLASH_Lock)
    HAL_FLASH_Program                        0x08000cf1   Thumb Code   138  stm32f1xx_hal_flash.o(i.HAL_FLASH_Program)
    HAL_FLASH_Unlock                         0x08000d85   Thumb Code    32  stm32f1xx_hal_flash.o(i.HAL_FLASH_Unlock)
    HAL_GPIO_Init                            0x08000db1   Thumb Code   496  stm32f1xx_hal_gpio.o(i.HAL_GPIO_Init)
    HAL_GPIO_ReadPin                         0x08000fad   Thumb Code    14  stm32f1xx_hal_gpio.o(i.HAL_GPIO_ReadPin)
    HAL_GPIO_WritePin                        0x08000fbb   Thumb Code    14  stm32f1xx_hal_gpio.o(i.HAL_GPIO_WritePin)
    HAL_GetTick                              0x08000fc9   Thumb Code     6  stm32f1xx_hal.o(i.HAL_GetTick)
    HAL_I2C_Init                             0x08000fd5   Thumb Code   410  stm32f1xx_hal_i2c.o(i.HAL_I2C_Init)
    HAL_I2C_IsDeviceReady                    0x08001181   Thumb Code   384  stm32f1xx_hal_i2c.o(i.HAL_I2C_IsDeviceReady)
    HAL_I2C_Master_Transmit                  0x08001309   Thumb Code   344  stm32f1xx_hal_i2c.o(i.HAL_I2C_Master_Transmit)
    HAL_I2C_MspInit                          0x08001469   Thumb Code    80  stm32f1xx_hal_msp.o(i.HAL_I2C_MspInit)
    HAL_IncTick                              0x080014c5   Thumb Code    12  stm32f1xx_hal.o(i.HAL_IncTick)
    HAL_Init                                 0x080014d5   Thumb Code    32  stm32f1xx_hal.o(i.HAL_Init)
    HAL_InitTick                             0x080014f9   Thumb Code    58  stm32f1xx_hal.o(i.HAL_InitTick)
    HAL_MspInit                              0x0800153d   Thumb Code    52  stm32f1xx_hal_msp.o(i.HAL_MspInit)
    HAL_NVIC_EnableIRQ                       0x08001579   Thumb Code    28  stm32f1xx_hal_cortex.o(i.HAL_NVIC_EnableIRQ)
    HAL_NVIC_SetPriority                     0x08001595   Thumb Code    98  stm32f1xx_hal_cortex.o(i.HAL_NVIC_SetPriority)
    HAL_NVIC_SetPriorityGrouping             0x080015fd   Thumb Code    30  stm32f1xx_hal_cortex.o(i.HAL_NVIC_SetPriorityGrouping)
    HAL_RCC_ClockConfig                      0x08001621   Thumb Code   364  stm32f1xx_hal_rcc.o(i.HAL_RCC_ClockConfig)
    HAL_RCC_GetHCLKFreq                      0x080017a1   Thumb Code     6  stm32f1xx_hal_rcc.o(i.HAL_RCC_GetHCLKFreq)
    HAL_RCC_GetPCLK1Freq                     0x080017ad   Thumb Code    22  stm32f1xx_hal_rcc.o(i.HAL_RCC_GetPCLK1Freq)
    HAL_RCC_GetPCLK2Freq                     0x080017cd   Thumb Code    22  stm32f1xx_hal_rcc.o(i.HAL_RCC_GetPCLK2Freq)
    HAL_RCC_GetSysClockFreq                  0x080017ed   Thumb Code    88  stm32f1xx_hal_rcc.o(i.HAL_RCC_GetSysClockFreq)
    HAL_RCC_OscConfig                        0x08001865   Thumb Code  1068  stm32f1xx_hal_rcc.o(i.HAL_RCC_OscConfig)
    HAL_SPI_Init                             0x08001c91   Thumb Code   180  stm32f1xx_hal_spi.o(i.HAL_SPI_Init)
    HAL_SPI_MspInit                          0x08001d45   Thumb Code    98  stm32f1xx_hal_msp.o(i.HAL_SPI_MspInit)
    HAL_SPI_TransmitReceive                  0x08001db5   Thumb Code   504  stm32f1xx_hal_spi.o(i.HAL_SPI_TransmitReceive)
    HAL_SYSTICK_Config                       0x08001fad   Thumb Code    36  stm32f1xx_hal_cortex.o(i.HAL_SYSTICK_Config)
    HAL_UART_ErrorCallback                   0x08001fd5   Thumb Code     2  stm32f1xx_hal_uart.o(i.HAL_UART_ErrorCallback)
    HAL_UART_IRQHandler                      0x08001fd9   Thumb Code   318  stm32f1xx_hal_uart.o(i.HAL_UART_IRQHandler)
    HAL_UART_Init                            0x0800211d   Thumb Code   100  stm32f1xx_hal_uart.o(i.HAL_UART_Init)
    HAL_UART_MspInit                         0x08002181   Thumb Code   248  stm32f1xx_hal_msp.o(i.HAL_UART_MspInit)
    HAL_UART_Receive                         0x08002291   Thumb Code   208  stm32f1xx_hal_uart.o(i.HAL_UART_Receive)
    HAL_UART_Receive_IT                      0x08002361   Thumb Code    86  stm32f1xx_hal_uart.o(i.HAL_UART_Receive_IT)
    HAL_UART_RxCpltCallback                  0x080023b9   Thumb Code    56  main.o(i.HAL_UART_RxCpltCallback)
    HAL_UART_Transmit                        0x080023f9   Thumb Code   202  stm32f1xx_hal_uart.o(i.HAL_UART_Transmit)
    HAL_UART_TxCpltCallback                  0x080024c3   Thumb Code     2  stm32f1xx_hal_uart.o(i.HAL_UART_TxCpltCallback)
    HardFault_Handler                        0x080024c5   Thumb Code     2  stm32f1xx_it.o(i.HardFault_Handler)
    MemManage_Handler                        0x08002911   Thumb Code     2  stm32f1xx_it.o(i.MemManage_Handler)
    NMI_Handler                              0x08002913   Thumb Code     2  stm32f1xx_it.o(i.NMI_Handler)
    OpenDoor                                 0x08002915   Thumb Code    42  main.o(i.OpenDoor)
    PendSV_Handler                           0x08002949   Thumb Code     2  stm32f1xx_it.o(i.PendSV_Handler)
    ProcessRegistryNewFinger                 0x0800294d   Thumb Code    82  main.o(i.ProcessRegistryNewFinger)
    ReadDataFlash                            0x080029c9   Thumb Code   224  main.o(i.ReadDataFlash)
    RegistryNewFinger                        0x08002afd   Thumb Code   190  main.o(i.RegistryNewFinger)
    SSD1306_Clear                            0x08002cb9   Thumb Code    16  ssd1306.o(i.SSD1306_Clear)
    SSD1306_DrawPixel                        0x08002cc9   Thumb Code    54  ssd1306.o(i.SSD1306_DrawPixel)
    SSD1306_Fill                             0x08002d09   Thumb Code    18  ssd1306.o(i.SSD1306_Fill)
    SSD1306_GotoXY                           0x08002d21   Thumb Code     8  ssd1306.o(i.SSD1306_GotoXY)
    SSD1306_Init                             0x08002d2d   Thumb Code   350  ssd1306.o(i.SSD1306_Init)
    SSD1306_Putc                             0x08002e95   Thumb Code   156  ssd1306.o(i.SSD1306_Putc)
    SSD1306_Puts                             0x08002f35   Thumb Code    40  ssd1306.o(i.SSD1306_Puts)
    SSD1306_UpdateScreen                     0x08002f5d   Thumb Code    66  ssd1306.o(i.SSD1306_UpdateScreen)
    SVC_Handler                              0x08002fa5   Thumb Code     2  stm32f1xx_it.o(i.SVC_Handler)
    SaveNewCard                              0x08002fa9   Thumb Code    56  main.o(i.SaveNewCard)
    ScanKey                                  0x08002fed   Thumb Code   534  main.o(i.ScanKey)
    SendDeleteFinger                         0x0800320d   Thumb Code    92  main.o(i.SendDeleteFinger)
    SendESPData                              0x0800326d   Thumb Code    28  main.o(i.SendESPData)
    SendFGetNumberOfFinger                   0x0800328d   Thumb Code    14  main.o(i.SendFGetNumberOfFinger)
    SendFPCreateCharFile1                    0x080032a5   Thumb Code    14  main.o(i.SendFPCreateCharFile1)
    SendFPCreateCharFile2                    0x080032bd   Thumb Code    14  main.o(i.SendFPCreateCharFile2)
    SendFPCreateTemplate                     0x080032d5   Thumb Code    14  main.o(i.SendFPCreateTemplate)
    SendFPDSearchFinger                      0x080032ed   Thumb Code    14  main.o(i.SendFPDSearchFinger)
    SendFPGetImage                           0x08003305   Thumb Code    14  main.o(i.SendFPGetImage)
    SendFPHeader                             0x0800331d   Thumb Code    14  main.o(i.SendFPHeader)
    SendStoreFinger                          0x08003335   Thumb Code    84  main.o(i.SendStoreFinger)
    SysTick_Handler                          0x0800338d   Thumb Code     4  stm32f1xx_it.o(i.SysTick_Handler)
    SystemClock_Config                       0x08003391   Thumb Code    62  main.o(i.SystemClock_Config)
    SystemInit                               0x080033cf   Thumb Code     2  system_stm32f1xx.o(i.SystemInit)
    TM_MFRC522_AntennaOn                     0x080033d1   Thumb Code    26  rc522.o(i.TM_MFRC522_AntennaOn)
    TM_MFRC522_Anticoll                      0x080033eb   Thumb Code    66  rc522.o(i.TM_MFRC522_Anticoll)
    TM_MFRC522_CalculateCRC                  0x0800342d   Thumb Code    94  rc522.o(i.TM_MFRC522_CalculateCRC)
    TM_MFRC522_Check                         0x0800348b   Thumb Code    32  rc522.o(i.TM_MFRC522_Check)
    TM_MFRC522_ClearBitMask                  0x080034ab   Thumb Code    24  rc522.o(i.TM_MFRC522_ClearBitMask)
    TM_MFRC522_Halt                          0x080034c3   Thumb Code    44  rc522.o(i.TM_MFRC522_Halt)
    TM_MFRC522_Init                          0x080034ef   Thumb Code    70  rc522.o(i.TM_MFRC522_Init)
    TM_MFRC522_ReadRegister                  0x08003535   Thumb Code    52  rc522.o(i.TM_MFRC522_ReadRegister)
    TM_MFRC522_Request                       0x0800356d   Thumb Code    46  rc522.o(i.TM_MFRC522_Request)
    TM_MFRC522_Reset                         0x0800359b   Thumb Code     8  rc522.o(i.TM_MFRC522_Reset)
    TM_MFRC522_SetBitMask                    0x080035a3   Thumb Code    24  rc522.o(i.TM_MFRC522_SetBitMask)
    TM_MFRC522_ToCard                        0x080035bb   Thumb Code   276  rc522.o(i.TM_MFRC522_ToCard)
    TM_MFRC522_WriteRegister                 0x080036d1   Thumb Code    48  rc522.o(i.TM_MFRC522_WriteRegister)
    TM_SPI_Send                              0x08003705   Thumb Code    46  rc522.o(i.TM_SPI_Send)
    USART2_IRQHandler                        0x080039b1   Thumb Code     6  stm32f1xx_it.o(i.USART2_IRQHandler)
    UsageFault_Handler                       0x080039bd   Thumb Code     2  stm32f1xx_it.o(i.UsageFault_Handler)
    WriteDataFlash                           0x080039c1   Thumb Code   148  main.o(i.WriteDataFlash)
    __0printf$8                              0x08003a89   Thumb Code    22  printf8.o(i.__0printf$8)
    __1printf$8                              0x08003a89   Thumb Code     0  printf8.o(i.__0printf$8)
    __2printf                                0x08003a89   Thumb Code     0  printf8.o(i.__0printf$8)
    __scatterload_copy                       0x08003aa9   Thumb Code    14  handlers.o(i.__scatterload_copy)
    __scatterload_null                       0x08003ab7   Thumb Code     2  handlers.o(i.__scatterload_null)
    __scatterload_zeroinit                   0x08003ab9   Thumb Code    14  handlers.o(i.__scatterload_zeroinit)
    fputc                                    0x08003f2d   Thumb Code    20  main.o(i.fputc)
    main                                     0x08003f45   Thumb Code   866  main.o(i.main)
    ssd1306_I2C_Init                         0x080042e9   Thumb Code     8  ssd1306.o(i.ssd1306_I2C_Init)
    ssd1306_I2C_Write                        0x080042f5   Thumb Code    28  ssd1306.o(i.ssd1306_I2C_Write)
    ssd1306_I2C_WriteMulti                   0x08004315   Thumb Code    50  ssd1306.o(i.ssd1306_I2C_WriteMulti)
    Font7x10                                 0x0800434c   Data        1900  fonts.o(.constdata)
    AHBPrescTable                            0x08004abc   Data          16  system_stm32f1xx.o(.constdata)
    APBPrescTable                            0x08004acc   Data           8  system_stm32f1xx.o(.constdata)
    Region$$Table$$Base                      0x08004ad4   Number         0  anon$$obj.o(Region$$Table)
    Region$$Table$$Limit                     0x08004af4   Number         0  anon$$obj.o(Region$$Table)
    Font_7x10                                0x20000008   Data           8  fonts.o(.data)
    UARTDataCome                             0x20000010   Data           1  main.o(.data)
    UARTIndex                                0x20000011   Data           1  main.o(.data)
    CurrentState                             0x20000012   Data           1  main.o(.data)
    DoorStatus                               0x20000013   Data           1  main.o(.data)
    ESPReceiveData                           0x20000014   Data           1  main.o(.data)
    CurrentID                                0x20000015   Data           1  main.o(.data)
    IDFromFinger                             0x20000016   Data           1  main.o(.data)
    CurrentNumberFinger                      0x20000017   Data           1  main.o(.data)
    TimeCount                                0x20000018   Data           4  main.o(.data)
    FingerTimeCount                          0x2000001c   Data           4  main.o(.data)
    CardID                                   0x20000020   Data           5  main.o(.data)
    FPHeader                                 0x20000025   Data           6  main.o(.data)
    FPGetImage                               0x2000002b   Data           6  main.o(.data)
    FPCreateTemplate                         0x20000031   Data           6  main.o(.data)
    FPDeleteAllFinger                        0x20000037   Data           6  main.o(.data)
    FPGetNumberOfFinger                      0x2000003d   Data           6  main.o(.data)
    FPCreateCharFile1                        0x20000043   Data           7  main.o(.data)
    FPCreateCharFile2                        0x2000004a   Data           7  main.o(.data)
    FPSearchFinger                           0x20000051   Data          11  main.o(.data)
    uwTickFreq                               0x2000005c   Data           1  stm32f1xx_hal.o(.data)
    uwTickPrio                               0x20000060   Data           4  stm32f1xx_hal.o(.data)
    uwTick                                   0x20000064   Data           4  stm32f1xx_hal.o(.data)
    SystemCoreClock                          0x20000068   Data           4  system_stm32f1xx.o(.data)
    __stdout                                 0x2000006c   Data           4  stdout.o(.data)
    CardStatus                               0x20000470   Data          30  main.o(.bss)
    hi2c1                                    0x20000490   Data          84  main.o(.bss)
    hspi1                                    0x200004e4   Data          88  main.o(.bss)
    huart1                                   0x2000053c   Data          64  main.o(.bss)
    huart2                                   0x2000057c   Data          64  main.o(.bss)
    huart3                                   0x200005bc   Data          64  main.o(.bss)
    ESPTransmitData                          0x200005fc   Data          20  main.o(.bss)
    ESPReceiveBuffer                         0x20000610   Data          10  main.o(.bss)
    DataCard                                 0x2000061a   Data         150  main.o(.bss)
    pFlash                                   0x200006b0   Data          32  stm32f1xx_hal_flash.o(.bss)
    __initial_sp                             0x20000ad0   Data           0  startup_stm32f103xb.o(STACK)



==============================================================================

Memory Map of the image

  Image Entry point : 0x080000ed

  Load Region LR_IROM1 (Base: 0x08000000, Size: 0x00004b64, Max: 0x00010000, ABSOLUTE)

    Execution Region ER_IROM1 (Exec base: 0x08000000, Load base: 0x08000000, Size: 0x00004af4, Max: 0x00010000, ABSOLUTE)

    Exec Addr    Load Addr    Size         Type   Attr      Idx    E Section Name        Object

    0x08000000   0x08000000   0x000000ec   Data   RO            3    RESET               startup_stm32f103xb.o
    0x080000ec   0x080000ec   0x00000000   Code   RO         3249  * .ARM.Collect$$$$00000000  mc_w.l(entry.o)
    0x080000ec   0x080000ec   0x00000004   Code   RO         3519    .ARM.Collect$$$$00000001  mc_w.l(entry2.o)
    0x080000f0   0x080000f0   0x00000004   Code   RO         3522    .ARM.Collect$$$$00000004  mc_w.l(entry5.o)
    0x080000f4   0x080000f4   0x00000000   Code   RO         3524    .ARM.Collect$$$$00000008  mc_w.l(entry7b.o)
    0x080000f4   0x080000f4   0x00000000   Code   RO         3526    .ARM.Collect$$$$0000000A  mc_w.l(entry8b.o)
    0x080000f4   0x080000f4   0x00000008   Code   RO         3527    .ARM.Collect$$$$0000000B  mc_w.l(entry9a.o)
    0x080000fc   0x080000fc   0x00000000   Code   RO         3529    .ARM.Collect$$$$0000000D  mc_w.l(entry10a.o)
    0x080000fc   0x080000fc   0x00000000   Code   RO         3531    .ARM.Collect$$$$0000000F  mc_w.l(entry11a.o)
    0x080000fc   0x080000fc   0x00000004   Code   RO         3520    .ARM.Collect$$$$00002712  mc_w.l(entry2.o)
    0x08000100   0x08000100   0x00000024   Code   RO            4    .text               startup_stm32f103xb.o
    0x08000124   0x08000124   0x00000020   Code   RO         3252    .text               mc_w.l(llushr.o)
    0x08000144   0x08000144   0x00000024   Code   RO         3254    .text               mc_w.l(memseta.o)
    0x08000168   0x08000168   0x00000062   Code   RO         3536    .text               mc_w.l(uldiv.o)
    0x080001ca   0x080001ca   0x00000002   PAD
    0x080001cc   0x080001cc   0x00000024   Code   RO         3549    .text               mc_w.l(init.o)
    0x080001f0   0x080001f0   0x0000001e   Code   RO         3551    .text               mc_w.l(llshl.o)
    0x0800020e   0x0800020e   0x00000002   Code   RO          879    i.BusFault_Handler  stm32f1xx_it.o
    0x08000210   0x08000210   0x00000084   Code   RO          535    i.CheckFPRespsone   main.o
    0x08000294   0x08000294   0x00000062   Code   RO          536    i.CheckFinger       main.o
    0x080002f6   0x080002f6   0x00000002   PAD
    0x080002f8   0x080002f8   0x0000005c   Code   RO          537    i.CheckRFID         main.o
    0x08000354   0x08000354   0x00000034   Code   RO          538    i.CloseDoor         main.o
    0x08000388   0x08000388   0x00000002   Code   RO          880    i.DebugMon_Handler  stm32f1xx_it.o
    0x0800038a   0x0800038a   0x00000012   Code   RO          540    i.Delay_us          main.o
    0x0800039c   0x0800039c   0x00000038   Code   RO          542    i.DeleteCard        main.o
    0x080003d4   0x080003d4   0x00000084   Code   RO          543    i.DeleteOneFinger   main.o
    0x08000458   0x08000458   0x0000009c   Code   RO          544    i.DisplayCardFound  main.o
    0x080004f4   0x080004f4   0x00000034   Code   RO          546    i.DisplayCardNotFound  main.o
    0x08000528   0x08000528   0x00000038   Code   RO          547    i.DisplayCardSDeleteSuccess  main.o
    0x08000560   0x08000560   0x00000038   Code   RO          548    i.DisplayCardSaveSuccess  main.o
    0x08000598   0x08000598   0x00000034   Code   RO          549    i.DisplayDeleteSuccess  main.o
    0x080005cc   0x080005cc   0x0000009c   Code   RO          550    i.DisplayFingerFound  main.o
    0x08000668   0x08000668   0x00000024   Code   RO          551    i.DisplayFingerNotFound  main.o
    0x0800068c   0x0800068c   0x00000038   Code   RO          552    i.DisplayFingerNotMatch  main.o
    0x080006c4   0x080006c4   0x00000034   Code   RO          553    i.DisplayFingerRegis  main.o
    0x080006f8   0x080006f8   0x00000034   Code   RO          554    i.DisplayFingerfailure  main.o
    0x0800072c   0x0800072c   0x00000034   Code   RO          555    i.DisplayInputID    main.o
    0x08000760   0x08000760   0x00000030   Code   RO          556    i.DisplayInputNewCard  main.o
    0x08000790   0x08000790   0x0000009c   Code   RO          557    i.DisplayMenu1      main.o
    0x0800082c   0x0800082c   0x00000038   Code   RO          558    i.DisplayPutFinger  main.o
    0x08000864   0x08000864   0x00000034   Code   RO          559    i.DisplayPutFingerAgain  main.o
    0x08000898   0x08000898   0x00000034   Code   RO          560    i.DisplayRegisFingerSuccess  main.o
    0x080008cc   0x080008cc   0x00000034   Code   RO          561    i.DisplayRemoveFinger  main.o
    0x08000900   0x08000900   0x00000060   Code   RO          562    i.DisplayStart      main.o
    0x08000960   0x08000960   0x00000060   Code   RO          563    i.DisplayWelcome    main.o
    0x080009c0   0x080009c0   0x00000024   Code   RO         2347    i.FLASH_MassErase   stm32f1xx_hal_flash_ex.o
    0x080009e4   0x080009e4   0x00000024   Code   RO         2356    i.FLASH_PageErase   stm32f1xx_hal_flash_ex.o
    0x08000a08   0x08000a08   0x0000001c   Code   RO         2244    i.FLASH_Program_HalfWord  stm32f1xx_hal_flash.o
    0x08000a24   0x08000a24   0x00000064   Code   RO         2245    i.FLASH_SetErrorCode  stm32f1xx_hal_flash.o
    0x08000a88   0x08000a88   0x00000068   Code   RO         2246    i.FLASH_WaitForLastOperation  stm32f1xx_hal_flash.o
    0x08000af0   0x08000af0   0x00000026   Code   RO          480    i.FlashErasePage    flash.o
    0x08000b16   0x08000b16   0x00000006   Code   RO          481    i.Flash_Read1Byte   flash.o
    0x08000b1c   0x08000b1c   0x0000001e   Code   RO          483    i.Flash_Write2Byte  flash.o
    0x08000b3a   0x08000b3a   0x00000002   PAD
    0x08000b3c   0x08000b3c   0x00000020   Code   RO          565    i.GetNumberOfFinger  main.o
    0x08000b5c   0x08000b5c   0x000000a4   Code   RO         1914    i.HAL_DMA_Abort_IT  stm32f1xx_hal_dma.o
    0x08000c00   0x08000c00   0x00000028   Code   RO         1536    i.HAL_Delay         stm32f1xx_hal.o
    0x08000c28   0x08000c28   0x000000b4   Code   RO         2357    i.HAL_FLASHEx_Erase  stm32f1xx_hal_flash_ex.o
    0x08000cdc   0x08000cdc   0x00000014   Code   RO         2250    i.HAL_FLASH_Lock    stm32f1xx_hal_flash.o
    0x08000cf0   0x08000cf0   0x00000094   Code   RO         2255    i.HAL_FLASH_Program  stm32f1xx_hal_flash.o
    0x08000d84   0x08000d84   0x0000002c   Code   RO         2257    i.HAL_FLASH_Unlock  stm32f1xx_hal_flash.o
    0x08000db0   0x08000db0   0x000001fc   Code   RO         1849    i.HAL_GPIO_Init     stm32f1xx_hal_gpio.o
    0x08000fac   0x08000fac   0x0000000e   Code   RO         1851    i.HAL_GPIO_ReadPin  stm32f1xx_hal_gpio.o
    0x08000fba   0x08000fba   0x0000000e   Code   RO         1853    i.HAL_GPIO_WritePin  stm32f1xx_hal_gpio.o
    0x08000fc8   0x08000fc8   0x0000000c   Code   RO         1540    i.HAL_GetTick       stm32f1xx_hal.o
    0x08000fd4   0x08000fd4   0x000001ac   Code   RO         1068    i.HAL_I2C_Init      stm32f1xx_hal_i2c.o
    0x08001180   0x08001180   0x00000188   Code   RO         1069    i.HAL_I2C_IsDeviceReady  stm32f1xx_hal_i2c.o
    0x08001308   0x08001308   0x00000160   Code   RO         1081    i.HAL_I2C_Master_Transmit  stm32f1xx_hal_i2c.o
    0x08001468   0x08001468   0x0000005c   Code   RO          962    i.HAL_I2C_MspInit   stm32f1xx_hal_msp.o
    0x080014c4   0x080014c4   0x00000010   Code   RO         1546    i.HAL_IncTick       stm32f1xx_hal.o
    0x080014d4   0x080014d4   0x00000024   Code   RO         1547    i.HAL_Init          stm32f1xx_hal.o
    0x080014f8   0x080014f8   0x00000044   Code   RO         1548    i.HAL_InitTick      stm32f1xx_hal.o
    0x0800153c   0x0800153c   0x0000003c   Code   RO          963    i.HAL_MspInit       stm32f1xx_hal_msp.o
    0x08001578   0x08001578   0x0000001c   Code   RO         2009    i.HAL_NVIC_EnableIRQ  stm32f1xx_hal_cortex.o
    0x08001594   0x08001594   0x00000068   Code   RO         2015    i.HAL_NVIC_SetPriority  stm32f1xx_hal_cortex.o
    0x080015fc   0x080015fc   0x00000024   Code   RO         2016    i.HAL_NVIC_SetPriorityGrouping  stm32f1xx_hal_cortex.o
    0x08001620   0x08001620   0x00000180   Code   RO         1704    i.HAL_RCC_ClockConfig  stm32f1xx_hal_rcc.o
    0x080017a0   0x080017a0   0x0000000c   Code   RO         1709    i.HAL_RCC_GetHCLKFreq  stm32f1xx_hal_rcc.o
    0x080017ac   0x080017ac   0x00000020   Code   RO         1711    i.HAL_RCC_GetPCLK1Freq  stm32f1xx_hal_rcc.o
    0x080017cc   0x080017cc   0x00000020   Code   RO         1712    i.HAL_RCC_GetPCLK2Freq  stm32f1xx_hal_rcc.o
    0x080017ec   0x080017ec   0x00000078   Code   RO         1713    i.HAL_RCC_GetSysClockFreq  stm32f1xx_hal_rcc.o
    0x08001864   0x08001864   0x0000042c   Code   RO         1716    i.HAL_RCC_OscConfig  stm32f1xx_hal_rcc.o
    0x08001c90   0x08001c90   0x000000b4   Code   RO         2536    i.HAL_SPI_Init      stm32f1xx_hal_spi.o
    0x08001d44   0x08001d44   0x00000070   Code   RO          965    i.HAL_SPI_MspInit   stm32f1xx_hal_msp.o
    0x08001db4   0x08001db4   0x000001f8   Code   RO         2545    i.HAL_SPI_TransmitReceive  stm32f1xx_hal_spi.o
    0x08001fac   0x08001fac   0x00000028   Code   RO         2020    i.HAL_SYSTICK_Config  stm32f1xx_hal_cortex.o
    0x08001fd4   0x08001fd4   0x00000002   Code   RO         2904    i.HAL_UART_ErrorCallback  stm32f1xx_hal_uart.o
    0x08001fd6   0x08001fd6   0x00000002   PAD
    0x08001fd8   0x08001fd8   0x00000144   Code   RO         2907    i.HAL_UART_IRQHandler  stm32f1xx_hal_uart.o
    0x0800211c   0x0800211c   0x00000064   Code   RO         2908    i.HAL_UART_Init     stm32f1xx_hal_uart.o
    0x08002180   0x08002180   0x00000110   Code   RO          967    i.HAL_UART_MspInit  stm32f1xx_hal_msp.o
    0x08002290   0x08002290   0x000000d0   Code   RO         2911    i.HAL_UART_Receive  stm32f1xx_hal_uart.o
    0x08002360   0x08002360   0x00000056   Code   RO         2913    i.HAL_UART_Receive_IT  stm32f1xx_hal_uart.o
    0x080023b6   0x080023b6   0x00000002   PAD
    0x080023b8   0x080023b8   0x00000040   Code   RO          566    i.HAL_UART_RxCpltCallback  main.o
    0x080023f8   0x080023f8   0x000000ca   Code   RO         2916    i.HAL_UART_Transmit  stm32f1xx_hal_uart.o
    0x080024c2   0x080024c2   0x00000002   Code   RO         2919    i.HAL_UART_TxCpltCallback  stm32f1xx_hal_uart.o
    0x080024c4   0x080024c4   0x00000002   Code   RO          881    i.HardFault_Handler  stm32f1xx_it.o
    0x080024c6   0x080024c6   0x00000032   Code   RO         1111    i.I2C_IsAcknowledgeFailed  stm32f1xx_hal_i2c.o
    0x080024f8   0x080024f8   0x000000b4   Code   RO         1115    i.I2C_MasterRequestWrite  stm32f1xx_hal_i2c.o
    0x080025ac   0x080025ac   0x0000005c   Code   RO         1131    i.I2C_WaitOnBTFFlagUntilTimeout  stm32f1xx_hal_i2c.o
    0x08002608   0x08002608   0x000000b4   Code   RO         1132    i.I2C_WaitOnFlagUntilTimeout  stm32f1xx_hal_i2c.o
    0x080026bc   0x080026bc   0x000000ce   Code   RO         1133    i.I2C_WaitOnMasterAddressFlagUntilTimeout  stm32f1xx_hal_i2c.o
    0x0800278a   0x0800278a   0x0000005c   Code   RO         1137    i.I2C_WaitOnTXEFlagUntilTimeout  stm32f1xx_hal_i2c.o
    0x080027e6   0x080027e6   0x00000002   PAD
    0x080027e8   0x080027e8   0x000000f4   Code   RO          567    i.MX_GPIO_Init      main.o
    0x080028dc   0x080028dc   0x00000034   Code   RO          568    i.MX_SPI1_Init      main.o
    0x08002910   0x08002910   0x00000002   Code   RO          882    i.MemManage_Handler  stm32f1xx_it.o
    0x08002912   0x08002912   0x00000002   Code   RO          883    i.NMI_Handler       stm32f1xx_it.o
    0x08002914   0x08002914   0x00000034   Code   RO          569    i.OpenDoor          main.o
    0x08002948   0x08002948   0x00000002   Code   RO          884    i.PendSV_Handler    stm32f1xx_it.o
    0x0800294a   0x0800294a   0x00000002   PAD
    0x0800294c   0x0800294c   0x00000058   Code   RO          570    i.ProcessRegistryNewFinger  main.o
    0x080029a4   0x080029a4   0x00000024   Code   RO         1717    i.RCC_Delay         stm32f1xx_hal_rcc.o
    0x080029c8   0x080029c8   0x00000134   Code   RO          571    i.ReadDataFlash     main.o
    0x08002afc   0x08002afc   0x000000be   Code   RO          572    i.RegistryNewFinger  main.o
    0x08002bba   0x08002bba   0x00000024   Code   RO         2574    i.SPI_EndRxTxTransaction  stm32f1xx_hal_spi.o
    0x08002bde   0x08002bde   0x00000002   PAD
    0x08002be0   0x08002be0   0x000000d8   Code   RO         2579    i.SPI_WaitFlagStateUntilTimeout  stm32f1xx_hal_spi.o
    0x08002cb8   0x08002cb8   0x00000010   Code   RO          237    i.SSD1306_Clear     ssd1306.o
    0x08002cc8   0x08002cc8   0x00000040   Code   RO          245    i.SSD1306_DrawPixel  ssd1306.o
    0x08002d08   0x08002d08   0x00000018   Code   RO          248    i.SSD1306_Fill      ssd1306.o
    0x08002d20   0x08002d20   0x0000000c   Code   RO          249    i.SSD1306_GotoXY    ssd1306.o
    0x08002d2c   0x08002d2c   0x00000168   Code   RO          250    i.SSD1306_Init      ssd1306.o
    0x08002e94   0x08002e94   0x000000a0   Code   RO          254    i.SSD1306_Putc      ssd1306.o
    0x08002f34   0x08002f34   0x00000028   Code   RO          255    i.SSD1306_Puts      ssd1306.o
    0x08002f5c   0x08002f5c   0x00000048   Code   RO          262    i.SSD1306_UpdateScreen  ssd1306.o
    0x08002fa4   0x08002fa4   0x00000002   Code   RO          885    i.SVC_Handler       stm32f1xx_it.o
    0x08002fa6   0x08002fa6   0x00000002   PAD
    0x08002fa8   0x08002fa8   0x00000044   Code   RO          573    i.SaveNewCard       main.o
    0x08002fec   0x08002fec   0x00000220   Code   RO          574    i.ScanKey           main.o
    0x0800320c   0x0800320c   0x00000060   Code   RO          575    i.SendDeleteFinger  main.o
    0x0800326c   0x0800326c   0x00000020   Code   RO          576    i.SendESPData       main.o
    0x0800328c   0x0800328c   0x00000018   Code   RO          577    i.SendFGetNumberOfFinger  main.o
    0x080032a4   0x080032a4   0x00000018   Code   RO          578    i.SendFPCreateCharFile1  main.o
    0x080032bc   0x080032bc   0x00000018   Code   RO          579    i.SendFPCreateCharFile2  main.o
    0x080032d4   0x080032d4   0x00000018   Code   RO          580    i.SendFPCreateTemplate  main.o
    0x080032ec   0x080032ec   0x00000018   Code   RO          581    i.SendFPDSearchFinger  main.o
    0x08003304   0x08003304   0x00000018   Code   RO          583    i.SendFPGetImage    main.o
    0x0800331c   0x0800331c   0x00000018   Code   RO          584    i.SendFPHeader      main.o
    0x08003334   0x08003334   0x00000058   Code   RO          585    i.SendStoreFinger   main.o
    0x0800338c   0x0800338c   0x00000004   Code   RO          886    i.SysTick_Handler   stm32f1xx_it.o
    0x08003390   0x08003390   0x0000003e   Code   RO          586    i.SystemClock_Config  main.o
    0x080033ce   0x080033ce   0x00000002   Code   RO         3215    i.SystemInit        system_stm32f1xx.o
    0x080033d0   0x080033d0   0x0000001a   Code   RO           14    i.TM_MFRC522_AntennaOn  rc522.o
    0x080033ea   0x080033ea   0x00000042   Code   RO           15    i.TM_MFRC522_Anticoll  rc522.o
    0x0800342c   0x0800342c   0x0000005e   Code   RO           17    i.TM_MFRC522_CalculateCRC  rc522.o
    0x0800348a   0x0800348a   0x00000020   Code   RO           18    i.TM_MFRC522_Check  rc522.o
    0x080034aa   0x080034aa   0x00000018   Code   RO           19    i.TM_MFRC522_ClearBitMask  rc522.o
    0x080034c2   0x080034c2   0x0000002c   Code   RO           21    i.TM_MFRC522_Halt   rc522.o
    0x080034ee   0x080034ee   0x00000046   Code   RO           22    i.TM_MFRC522_Init   rc522.o
    0x08003534   0x08003534   0x00000038   Code   RO           24    i.TM_MFRC522_ReadRegister  rc522.o
    0x0800356c   0x0800356c   0x0000002e   Code   RO           25    i.TM_MFRC522_Request  rc522.o
    0x0800359a   0x0800359a   0x00000008   Code   RO           26    i.TM_MFRC522_Reset  rc522.o
    0x080035a2   0x080035a2   0x00000018   Code   RO           28    i.TM_MFRC522_SetBitMask  rc522.o
    0x080035ba   0x080035ba   0x00000114   Code   RO           29    i.TM_MFRC522_ToCard  rc522.o
    0x080036ce   0x080036ce   0x00000002   PAD
    0x080036d0   0x080036d0   0x00000034   Code   RO           31    i.TM_MFRC522_WriteRegister  rc522.o
    0x08003704   0x08003704   0x00000034   Code   RO           32    i.TM_SPI_Send       rc522.o
    0x08003738   0x08003738   0x00000010   Code   RO         2921    i.UART_DMAAbortOnError  stm32f1xx_hal_uart.o
    0x08003748   0x08003748   0x0000001c   Code   RO         2931    i.UART_EndRxTransfer  stm32f1xx_hal_uart.o
    0x08003764   0x08003764   0x0000001a   Code   RO         2932    i.UART_EndTransmit_IT  stm32f1xx_hal_uart.o
    0x0800377e   0x0800377e   0x00000092   Code   RO         2934    i.UART_Receive_IT   stm32f1xx_hal_uart.o
    0x08003810   0x08003810   0x000000c8   Code   RO         2935    i.UART_SetConfig    stm32f1xx_hal_uart.o
    0x080038d8   0x080038d8   0x0000005e   Code   RO         2936    i.UART_Transmit_IT  stm32f1xx_hal_uart.o
    0x08003936   0x08003936   0x00000078   Code   RO         2937    i.UART_WaitOnFlagUntilTimeout  stm32f1xx_hal_uart.o
    0x080039ae   0x080039ae   0x00000002   PAD
    0x080039b0   0x080039b0   0x0000000c   Code   RO          887    i.USART2_IRQHandler  stm32f1xx_it.o
    0x080039bc   0x080039bc   0x00000002   Code   RO          888    i.UsageFault_Handler  stm32f1xx_it.o
    0x080039be   0x080039be   0x00000002   PAD
    0x080039c0   0x080039c0   0x000000c8   Code   RO          587    i.WriteDataFlash    main.o
    0x08003a88   0x08003a88   0x00000020   Code   RO         3465    i.__0printf$8       mc_w.l(printf8.o)
    0x08003aa8   0x08003aa8   0x0000000e   Code   RO         3559    i.__scatterload_copy  mc_w.l(handlers.o)
    0x08003ab6   0x08003ab6   0x00000002   Code   RO         3560    i.__scatterload_null  mc_w.l(handlers.o)
    0x08003ab8   0x08003ab8   0x0000000e   Code   RO         3561    i.__scatterload_zeroinit  mc_w.l(handlers.o)
    0x08003ac6   0x08003ac6   0x00000002   PAD
    0x08003ac8   0x08003ac8   0x00000410   Code   RO         3472    i._printf_core      mc_w.l(printf8.o)
    0x08003ed8   0x08003ed8   0x00000024   Code   RO         3473    i._printf_post_padding  mc_w.l(printf8.o)
    0x08003efc   0x08003efc   0x0000002e   Code   RO         3474    i._printf_pre_padding  mc_w.l(printf8.o)
    0x08003f2a   0x08003f2a   0x00000002   PAD
    0x08003f2c   0x08003f2c   0x00000018   Code   RO          588    i.fputc             main.o
    0x08003f44   0x08003f44   0x000003a4   Code   RO          589    i.main              main.o
    0x080042e8   0x080042e8   0x0000000c   Code   RO          263    i.ssd1306_I2C_Init  ssd1306.o
    0x080042f4   0x080042f4   0x00000020   Code   RO          264    i.ssd1306_I2C_Write  ssd1306.o
    0x08004314   0x08004314   0x00000038   Code   RO          265    i.ssd1306_I2C_WriteMulti  ssd1306.o
    0x0800434c   0x0800434c   0x0000076c   Data   RO          444    .constdata          fonts.o
    0x08004ab8   0x08004ab8   0x00000004   Data   RO          591    .constdata          main.o
    0x08004abc   0x08004abc   0x00000010   Data   RO         3216    .constdata          system_stm32f1xx.o
    0x08004acc   0x08004acc   0x00000008   Data   RO         3217    .constdata          system_stm32f1xx.o
    0x08004ad4   0x08004ad4   0x00000020   Data   RO         3557    Region$$Table       anon$$obj.o


    Execution Region RW_IRAM1 (Exec base: 0x20000000, Load base: 0x08004af4, Size: 0x00000ad0, Max: 0x00005000, ABSOLUTE)

    Exec Addr    Load Addr    Size         Type   Attr      Idx    E Section Name        Object

    0x20000000   0x08004af4   0x00000006   Data   RW          267    .data               ssd1306.o
    0x20000006   0x08004afa   0x00000002   PAD
    0x20000008   0x08004afc   0x00000008   Data   RW          447    .data               fonts.o
    0x20000010   0x08004b04   0x0000004c   Data   RW          592    .data               main.o
    0x2000005c   0x08004b50   0x0000000c   Data   RW         1554    .data               stm32f1xx_hal.o
    0x20000068   0x08004b5c   0x00000004   Data   RW         3218    .data               system_stm32f1xx.o
    0x2000006c   0x08004b60   0x00000004   Data   RW         3533    .data               mc_w.l(stdout.o)
    0x20000070        -       0x00000400   Zero   RW          266    .bss                ssd1306.o
    0x20000470        -       0x00000240   Zero   RW          590    .bss                main.o
    0x200006b0        -       0x00000020   Zero   RW         2258    .bss                stm32f1xx_hal_flash.o
    0x200006d0        -       0x00000400   Zero   RW            1    STACK               startup_stm32f103xb.o


==============================================================================

Image component sizes


      Code (inc. data)   RO Data    RW Data    ZI Data      Debug   Object Name

        74          0          0          0          0       1814   flash.o
         0          0       1900          8          0       1427   fonts.o
      5208       1020          4         76        576      34501   main.o
       870         14          0          0          0     427107   rc522.o
       848         54          0          6       1024       9864   ssd1306.o
        36          8        236          0       1024        864   startup_stm32f103xb.o
       172         30          0         12          0       6393   stm32f1xx_hal.o
       208         16          0          0          0      28991   stm32f1xx_hal_cortex.o
       164         28          0          0          0       1195   stm32f1xx_hal_dma.o
       444         52          0          0         32       4746   stm32f1xx_hal_flash.o
       252         26          0          0          0       2843   stm32f1xx_hal_flash_ex.o
       536         12          0          0          0       3779   stm32f1xx_hal_gpio.o
      1972         42          0          0          0      10501   stm32f1xx_hal_i2c.o
       536         58          0          0          0       3501   stm32f1xx_hal_msp.o
      1684         98          0          0          0       7372   stm32f1xx_hal_rcc.o
       936          6          0          0          0       4861   stm32f1xx_hal_spi.o
      1554         12          0          0          0      12070   stm32f1xx_hal_uart.o
        32          6          0          0          0       4914   stm32f1xx_it.o
         2          0         24          4          0       1299   system_stm32f1xx.o

    ----------------------------------------------------------------------
     15550       1482       2196        108       2656     568042   Object Totals
         0          0         32          0          0          0   (incl. Generated)
        22          0          0          2          0          0   (incl. Padding)

    ----------------------------------------------------------------------

      Code (inc. data)   RO Data    RW Data    ZI Data      Debug   Library Member Name

         0          0          0          0          0          0   entry.o
         0          0          0          0          0          0   entry10a.o
         0          0          0          0          0          0   entry11a.o
         8          4          0          0          0          0   entry2.o
         4          0          0          0          0          0   entry5.o
         0          0          0          0          0          0   entry7b.o
         0          0          0          0          0          0   entry8b.o
         8          4          0          0          0          0   entry9a.o
        30          0          0          0          0          0   handlers.o
        36          8          0          0          0         68   init.o
        30          0          0          0          0         68   llshl.o
        32          0          0          0          0         68   llushr.o
        36          0          0          0          0        108   memseta.o
      1154         54          0          0          0        352   printf8.o
         0          0          0          4          0          0   stdout.o
        98          0          0          0          0         92   uldiv.o

    ----------------------------------------------------------------------
      1442         70          0          4          0        756   Library Totals
         6          0          0          0          0          0   (incl. Padding)

    ----------------------------------------------------------------------

      Code (inc. data)   RO Data    RW Data    ZI Data      Debug   Library Name

      1436         70          0          4          0        756   mc_w.l

    ----------------------------------------------------------------------
      1442         70          0          4          0        756   Library Totals

    ----------------------------------------------------------------------

==============================================================================


      Code (inc. data)   RO Data    RW Data    ZI Data      Debug   

     16992       1552       2196        112       2656     561358   Grand Totals
     16992       1552       2196        112       2656     561358   ELF Image Totals
     16992       1552       2196        112          0          0   ROM Totals

==============================================================================

    Total RO  Size (Code + RO Data)                19188 (  18.74kB)
    Total RW  Size (RW Data + ZI Data)              2768 (   2.70kB)
    Total ROM Size (Code + RO Data + RW Data)      19300 (  18.85kB)

==============================================================================

